Archive member included to satisfy reference by file (symbol)

.\CortexM0\ARM_GCC_541\Debug\Revelite_Batt_PSoC4.a(PWM_1.o)
                              .\CortexM0\ARM_GCC_541\Debug\main.o (PWM_1_WritePeriod)
.\CortexM0\ARM_GCC_541\Debug\Revelite_Batt_PSoC4.a(PWM_2.o)
                              .\CortexM0\ARM_GCC_541\Debug\main.o (PWM_2_WritePeriod)
.\CortexM0\ARM_GCC_541\Debug\Revelite_Batt_PSoC4.a(DIM_isr.o)
                              .\CortexM0\ARM_GCC_541\Debug\main.o (DIM_isr_StartEx)
.\CortexM0\ARM_GCC_541\Debug\Revelite_Batt_PSoC4.a(ADC.o)
                              .\CortexM0\ARM_GCC_541\Debug\main.o (ADC_Start)
.\CortexM0\ARM_GCC_541\Debug\Revelite_Batt_PSoC4.a(ADC_INT.o)
                              .\CortexM0\ARM_GCC_541\Debug\Revelite_Batt_PSoC4.a(ADC.o) (ADC_ISR)
.\CortexM0\ARM_GCC_541\Debug\Revelite_Batt_PSoC4.a(UART.o)
                              .\CortexM0\ARM_GCC_541\Debug\main.o (UART_Start)
.\CortexM0\ARM_GCC_541\Debug\Revelite_Batt_PSoC4.a(UART_SPI_UART.o)
                              .\CortexM0\ARM_GCC_541\Debug\main.o (UART_SpiUartReadRxData)
.\CortexM0\ARM_GCC_541\Debug\Revelite_Batt_PSoC4.a(UART_UART.o)
                              .\CortexM0\ARM_GCC_541\Debug\Revelite_Batt_PSoC4.a(UART.o) (UART_UartInit)
.\CortexM0\ARM_GCC_541\Debug\Revelite_Batt_PSoC4.a(ACTLED.o)
                              .\CortexM0\ARM_GCC_541\Debug\main.o (ACTLED_Write)
.\CortexM0\ARM_GCC_541\Debug\Revelite_Batt_PSoC4.a(ERRLED.o)
                              .\CortexM0\ARM_GCC_541\Debug\main.o (ERRLED_Write)
.\CortexM0\ARM_GCC_541\Debug\Revelite_Batt_PSoC4.a(I2CM.o)
                              .\CortexM0\ARM_GCC_541\Debug\main.o (I2CM_Start)
.\CortexM0\ARM_GCC_541\Debug\Revelite_Batt_PSoC4.a(I2CM_I2C.o)
                              .\CortexM0\ARM_GCC_541\Debug\Revelite_Batt_PSoC4.a(I2CM.o) (I2CM_I2CInit)
.\CortexM0\ARM_GCC_541\Debug\Revelite_Batt_PSoC4.a(I2CM_I2C_MASTER.o)
                              .\CortexM0\ARM_GCC_541\Debug\subs.o (I2CM_I2CMasterSendStart)
.\CortexM0\ARM_GCC_541\Debug\Revelite_Batt_PSoC4.a(ADC_IRQ.o)
                              .\CortexM0\ARM_GCC_541\Debug\main.o (ADC_IRQ_StartEx)
.\CortexM0\ARM_GCC_541\Debug\Revelite_Batt_PSoC4.a(I2CM_sda.o)
                              .\CortexM0\ARM_GCC_541\Debug\Revelite_Batt_PSoC4.a(I2CM_I2C_MASTER.o) (I2CM_sda_Read)
.\CortexM0\ARM_GCC_541\Debug\Revelite_Batt_PSoC4.a(I2CM_scl.o)
                              .\CortexM0\ARM_GCC_541\Debug\Revelite_Batt_PSoC4.a(I2CM_I2C_MASTER.o) (I2CM_scl_Write)
.\CortexM0\ARM_GCC_541\Debug\Revelite_Batt_PSoC4.a(CyFlash.o)
                              .\CortexM0\ARM_GCC_541\Debug\subs.o (CySysFlashWriteRow)
.\CortexM0\ARM_GCC_541\Debug\Revelite_Batt_PSoC4.a(CyLib.o)
                              .\CortexM0\ARM_GCC_541\Debug\cyfitter_cfg.o (CyIntEnable)
.\CortexM0\ARM_GCC_541\Debug\Revelite_Batt_PSoC4.a(CyLFClk.o)
                              .\CortexM0\ARM_GCC_541\Debug\cyfitter_cfg.o (CySysWdtIsr)
.\CortexM0\ARM_GCC_541\Debug\Revelite_Batt_PSoC4.a(CyBootAsmGnu.o)
                              .\CortexM0\ARM_GCC_541\Debug\Revelite_Batt_PSoC4.a(CyLib.o) (CyDelayCycles)
.\CortexM0\ARM_GCC_541\Debug\Revelite_Batt_PSoC4.a(I2CM_I2C_INT.o)
                              .\CortexM0\ARM_GCC_541\Debug\Revelite_Batt_PSoC4.a(I2CM_I2C.o) (I2CM_I2C_ISR)
c:/program files (x86)/cypress/psoc creator/4.4/psoc creator/import/gnu/arm/5.4.1/bin/../lib/gcc/arm-none-eabi/5.4.1/armv6-m\libgcc.a(_udivsi3.o)
                              .\CortexM0\ARM_GCC_541\Debug\Revelite_Batt_PSoC4.a(CyLib.o) (__aeabi_uidiv)
c:/program files (x86)/cypress/psoc creator/4.4/psoc creator/import/gnu/arm/5.4.1/bin/../lib/gcc/arm-none-eabi/5.4.1/armv6-m\libgcc.a(_divsi3.o)
                              .\CortexM0\ARM_GCC_541\Debug\Revelite_Batt_PSoC4.a(ADC.o) (__aeabi_idiv)
c:/program files (x86)/cypress/psoc creator/4.4/psoc creator/import/gnu/arm/5.4.1/bin/../lib/gcc/arm-none-eabi/5.4.1/armv6-m\libgcc.a(_dvmd_tls.o)
                              c:/program files (x86)/cypress/psoc creator/4.4/psoc creator/import/gnu/arm/5.4.1/bin/../lib/gcc/arm-none-eabi/5.4.1/armv6-m\libgcc.a(_udivsi3.o) (__aeabi_idiv0)
c:/program files (x86)/cypress/psoc creator/4.4/psoc creator/import/gnu/arm/5.4.1/bin/../lib/gcc/arm-none-eabi/5.4.1/armv6-m\libgcc.a(_arm_cmpsf2.o)
                              .\CortexM0\ARM_GCC_541\Debug\LTC2944.o (__aeabi_fcmplt)
c:/program files (x86)/cypress/psoc creator/4.4/psoc creator/import/gnu/arm/5.4.1/bin/../lib/gcc/arm-none-eabi/5.4.1/armv6-m\libgcc.a(_aeabi_ldivmod.o)
                              .\CortexM0\ARM_GCC_541\Debug\Revelite_Batt_PSoC4.a(ADC.o) (__aeabi_ldivmod)
c:/program files (x86)/cypress/psoc creator/4.4/psoc creator/import/gnu/arm/5.4.1/bin/../lib/gcc/arm-none-eabi/5.4.1/armv6-m\libgcc.a(_muldi3.o)
                              .\CortexM0\ARM_GCC_541\Debug\Revelite_Batt_PSoC4.a(ADC.o) (__aeabi_lmul)
[...]
Memory Configuration

Name             Origin             Length             Attributes
rom              0x00000000         0x00008000         xr
ram              0x20000000         0x00001000         xrw
*default*        0x00000000         0xffffffff

Linker script and memory map

LOAD c:/program files (x86)/cypress/psoc creator/4.4/psoc creator/import/gnu/arm/5.4.1/bin/../lib/gcc/arm-none-eabi/5.4.1/armv6-m/crti.o
LOAD c:/program files (x86)/cypress/psoc creator/4.4/psoc creator/import/gnu/arm/5.4.1/bin/../lib/gcc/arm-none-eabi/5.4.1/armv6-m/crtbegin.o
LOAD c:/program files (x86)/cypress/psoc creator/4.4/psoc creator/import/gnu/arm/5.4.1/bin/../lib/gcc/arm-none-eabi/5.4.1/../../../../arm-none-eabi/lib/armv6-m/crt0.o
START GROUP
LOAD .\CortexM0\ARM_GCC_541\Debug\main.o
LOAD .\CortexM0\ARM_GCC_541\Debug\subs.o
LOAD .\CortexM0\ARM_GCC_541\Debug\isr.o
LOAD .\CortexM0\ARM_GCC_541\Debug\battery.o
LOAD .\CortexM0\ARM_GCC_541\Debug\LTC2944.o
LOAD .\CortexM0\ARM_GCC_541\Debug\CLI.o
LOAD .\CortexM0\ARM_GCC_541\Debug\buttons.o
LOAD .\CortexM0\ARM_GCC_541\Debug\cyfitter_cfg.o
LOAD .\CortexM0\ARM_GCC_541\Debug\cymetadata.o
LOAD .\CortexM0\ARM_GCC_541\Debug\Cm0Start.o
LOAD .\CortexM0\ARM_GCC_541\Debug\Revelite_Batt_PSoC4.a
END GROUP
START GROUP
LOAD c:/program files (x86)/cypress/psoc creator/4.4/psoc creator/import/gnu/arm/5.4.1/bin/../lib/gcc/arm-none-eabi/5.4.1/armv6-m\libgcc.a
LOAD c:/program files (x86)/cypress/psoc creator/4.4/psoc creator/import/gnu/arm/5.4.1/bin/../lib/gcc/arm-none-eabi/5.4.1/../../../../arm-none-eabi/lib/armv6-m\libg_nano.a
LOAD c:/program files (x86)/cypress/psoc creator/4.4/psoc creator/import/gnu/arm/5.4.1/bin/../lib/gcc/arm-none-eabi/5.4.1/../../../../arm-none-eabi/lib/armv6-m\libc_nano.a
END GROUP
START GROUP
LOAD c:/program files (x86)/cypress/psoc creator/4.4/psoc creator/import/gnu/arm/5.4.1/bin/../lib/gcc/arm-none-eabi/5.4.1/armv6-m\libgcc.a
LOAD c:/program files (x86)/cypress/psoc creator/4.4/psoc creator/import/gnu/arm/5.4.1/bin/../lib/gcc/arm-none-eabi/5.4.1/../../../../arm-none-eabi/lib/armv6-m\libc_nano.a
END GROUP
LOAD c:/program files (x86)/cypress/psoc creator/4.4/psoc creator/import/gnu/arm/5.4.1/bin/../lib/gcc/arm-none-eabi/5.4.1/armv6-m/crtend.o
LOAD c:/program files (x86)/cypress/psoc creator/4.4/psoc creator/import/gnu/arm/5.4.1/bin/../lib/gcc/arm-none-eabi/5.4.1/armv6-m/crtn.o
START GROUP
LOAD c:/program files (x86)/cypress/psoc creator/4.4/psoc creator/import/gnu/arm/5.4.1/bin/../lib/gcc/arm-none-eabi/5.4.1/armv6-m\libgcc.a
LOAD c:/program files (x86)/cypress/psoc creator/4.4/psoc creator/import/gnu/arm/5.4.1/bin/../lib/gcc/arm-none-eabi/5.4.1/../../../../arm-none-eabi/lib/armv6-m\libc.a
LOAD c:/program files (x86)/cypress/psoc creator/4.4/psoc creator/import/gnu/arm/5.4.1/bin/../lib/gcc/arm-none-eabi/5.4.1/../../../../arm-none-eabi/lib/armv6-m\libnosys.a
END GROUP
                0x00000000                CY_APPL_ORIGIN = 0x0
                0x00000080                CY_FLASH_ROW_SIZE = 0x80
                0x00000001                CY_APPL_NUM = 0x1
                0x00000001                CY_APPL_MAX = 0x1
                0x00000040                CY_METADATA_SIZE = 0x40
                0x00000000                CY_APPL_LOADABLE = 0x0
                0x00000000                CY_CHECKSUM_EXCLUDE_SIZE = ALIGN (0x0, CY_FLASH_ROW_SIZE)
                0x00000000                CY_APP_FOR_STACK_AND_COPIER = 0x0
                [!provide]                PROVIDE (__cy_heap_start, _end)
                0x00000001                PROVIDE (__cy_region_num, ((__cy_regions_end - __cy_regions) / 0x10))
                0x20001000                PROVIDE (__cy_stack, (ORIGIN (ram) + LENGTH (ram)))
                [!provide]                PROVIDE (__cy_heap_end, (__cy_stack - 0x400))

.cybootloader   0x00000000        0x0
 *(.cybootloader)
                0x00000000                appl1_start = CY_APPL_ORIGIN?CY_APPL_ORIGIN:ALIGN (CY_FLASH_ROW_SIZE)
                0x00003f80                appl2_start = (appl1_start + ALIGN ((((LENGTH (rom) - appl1_start) - (0x2 * CY_FLASH_ROW_SIZE)) / 0x2), CY_FLASH_ROW_SIZE))
                0x00000000                appl_start = (CY_APPL_NUM == 0x1)?appl1_start:appl2_start
                0x00000001                cy_project_type_bootloader = (appl_start == 0x0)?0x1:0x0
                0x00000000                cy_project_type_app_for_stack_and_copier = (CY_APP_FOR_STACK_AND_COPIER == 0x1)?0x1:0x0

.text           0x00000000     0x5bea
 CREATE_OBJECT_SYMBOLS
                0x00000000                PROVIDE (__cy_interrupt_vector, RomVectors)
 *(.romvectors)
 .romvectors    0x00000000       0x10 .\CortexM0\ARM_GCC_541\Debug\Cm0Start.o
                0x00000000                RomVectors
                0x00000001                ASSERT ((. != __cy_interrupt_vector), No interrupt vector)
                0x00000001                ASSERT (CY_APPL_ORIGIN?(SIZEOF (.cybootloader) <= CY_APPL_ORIGIN):0x1, Wrong image location)
                0x00000010                PROVIDE (__cy_reset, Reset)
 *(.text.Reset)
 .text.Reset    0x00000010        0x8 .\CortexM0\ARM_GCC_541\Debug\Cm0Start.o
                0x00000010                Reset
                0x00000001                ASSERT ((. != __cy_reset), No reset code)
 *(.psocinit)
 .psocinit      0x00000018      0x234 .\CortexM0\ARM_GCC_541\Debug\cyfitter_cfg.o
                0x000000e8                cyfitter_cfg
                0x0000024c                . = MAX (., 0x100)
 *(.text .text.* .gnu.linkonce.t.*)
 .text          0x0000024c       0x60 c:/program files (x86)/cypress/psoc creator/4.4/psoc creator/import/gnu/arm/5.4.1/bin/../lib/gcc/arm-none-eabi/5.4.1/armv6-m/crtbegin.o
 .text.main     0x000002ac      0x2a0 .\CortexM0\ARM_GCC_541\Debug\main.o
                0x000002ac                main
 .text.GetAverageTEMP
                0x0000054c       0x70 .\CortexM0\ARM_GCC_541\Debug\subs.o
                0x0000054c                GetAverageTEMP
 .text.I2CM_SyncWrite
                0x000005bc       0x40 .\CortexM0\ARM_GCC_541\Debug\subs.o
                0x000005bc                I2CM_SyncWrite
 .text.LatchWrite
                0x000005fc       0x18 .\CortexM0\ARM_GCC_541\Debug\subs.o
                0x000005fc                LatchWrite
 .text.I2CM_SyncRead
                0x00000614       0x50 .\CortexM0\ARM_GCC_541\Debug\subs.o
                0x00000614                I2CM_SyncRead
 .text.LatchRead
                0x00000664       0x20 .\CortexM0\ARM_GCC_541\Debug\subs.o
                0x00000664                LatchRead
 .text.RW_EEPROMData
                0x00000684       0x74 .\CortexM0\ARM_GCC_541\Debug\subs.o
                0x00000684                RW_EEPROMData
 .text.fnTIMER_ISR
                0x000006f8       0x7c .\CortexM0\ARM_GCC_541\Debug\isr.o
                0x000006f8                fnTIMER_ISR
 .text.DIM_ISR_Handler
                0x00000774       0xf0 .\CortexM0\ARM_GCC_541\Debug\isr.o
                0x00000774                DIM_ISR_Handler
 .text.ADC_ISR_LOC
                0x00000864       0x70 .\CortexM0\ARM_GCC_541\Debug\isr.o
                0x00000864                ADC_ISR_LOC
 .text.BQ25730_Write
                0x000008d4       0x3c .\CortexM0\ARM_GCC_541\Debug\battery.o
                0x000008d4                BQ25730_Write
 .text.BQ25730_Read
                0x00000910       0x60 .\CortexM0\ARM_GCC_541\Debug\battery.o
                0x00000910                BQ25730_Read
 .text.BQ25730_Init
                0x00000970       0xa4 .\CortexM0\ARM_GCC_541\Debug\battery.o
                0x00000970                BQ25730_Init
 .text.BQ25730_EnableCharging
                0x00000a14       0x24 .\CortexM0\ARM_GCC_541\Debug\battery.o
                0x00000a14                BQ25730_EnableCharging
 .text.BQ25730_GetBatteryVoltage_mV
                0x00000a38       0x14 .\CortexM0\ARM_GCC_541\Debug\battery.o
                0x00000a38                BQ25730_GetBatteryVoltage_mV
 .text.BQ25730_GetBatteryCurrent_mA
                0x00000a4c       0x20 .\CortexM0\ARM_GCC_541\Debug\battery.o
                0x00000a4c                BQ25730_GetBatteryCurrent_mA
 .text.BQ25730_GetVBusVoltage_mV
                0x00000a6c       0x14 .\CortexM0\ARM_GCC_541\Debug\battery.o
                0x00000a6c                BQ25730_GetVBusVoltage_mV
 .text.BQ25730_GetStatus
                0x00000a80       0x64 .\CortexM0\ARM_GCC_541\Debug\battery.o
                0x00000a80                BQ25730_GetStatus
 .text.LTC2944_Write
                0x00000ae4       0x30 .\CortexM0\ARM_GCC_541\Debug\LTC2944.o
                0x00000ae4                LTC2944_Write
 .text.LTC2944_Read
                0x00000b14       0x50 .\CortexM0\ARM_GCC_541\Debug\LTC2944.o
                0x00000b14                LTC2944_Read
 .text.LTC2944_Read16
                0x00000b64       0x68 .\CortexM0\ARM_GCC_541\Debug\LTC2944.o
                0x00000b64                LTC2944_Read16
 .text.LTC2944_SetAccumulatedCharge
                0x00000bcc       0x30 .\CortexM0\ARM_GCC_541\Debug\LTC2944.o
                0x00000bcc                LTC2944_SetAccumulatedCharge
 .text.LTC2944_GetStatus
                0x00000bfc      0x104 .\CortexM0\ARM_GCC_541\Debug\LTC2944.o
                0x00000bfc                LTC2944_GetStatus
 .text.LTC2944_ClearAlerts
                0x00000d00        0xc .\CortexM0\ARM_GCC_541\Debug\LTC2944.o
                0x00000d00                LTC2944_ClearAlerts
 .text.LTC2944_Init
                0x00000d0c       0x20 .\CortexM0\ARM_GCC_541\Debug\LTC2944.o
                0x00000d0c                LTC2944_Init
 .text.CLI_Print
                0x00000d2c       0x1c .\CortexM0\ARM_GCC_541\Debug\CLI.o
 .text.CLI_Init
                0x00000d48       0x2c .\CortexM0\ARM_GCC_541\Debug\CLI.o
                0x00000d48                CLI_Init
 .text.CLI_PrintHelp
                0x00000d74       0x68 .\CortexM0\ARM_GCC_541\Debug\CLI.o
                0x00000d74                CLI_PrintHelp
 .text.CLI_PrintBatteryStatus
                0x00000ddc       0xcc .\CortexM0\ARM_GCC_541\Debug\CLI.o
                0x00000ddc                CLI_PrintBatteryStatus
 .text.CLI_PrintFuelGaugeStatus
                0x00000ea8       0xfc .\CortexM0\ARM_GCC_541\Debug\CLI.o
                0x00000ea8                CLI_PrintFuelGaugeStatus
 .text.CLI_ReadChargerRegisters
                0x00000fa4       0xb4 .\CortexM0\ARM_GCC_541\Debug\CLI.o
                0x00000fa4                CLI_ReadChargerRegisters
 .text.CLI_I2CScan
                0x00001058       0xd8 .\CortexM0\ARM_GCC_541\Debug\CLI.o
                0x00001058                CLI_I2CScan
 .text.CLI_ProcessByte
                0x00001130      0x18c .\CortexM0\ARM_GCC_541\Debug\CLI.o
                0x00001130                CLI_ProcessByte
 .text.ReadButtonsOnChange
                0x000012bc      0x138 .\CortexM0\ARM_GCC_541\Debug\buttons.o
                0x000012bc                ReadButtonsOnChange
 .text.cfg_write_bytes32
                0x000013f4       0x34 .\CortexM0\ARM_GCC_541\Debug\cyfitter_cfg.o
 .text.CYMEMZERO
                0x00001428        0xc .\CortexM0\ARM_GCC_541\Debug\cyfitter_cfg.o
 .text.SetAnalogRoutingPumps
                0x00001434       0x20 .\CortexM0\ARM_GCC_541\Debug\cyfitter_cfg.o
                0x00001434                SetAnalogRoutingPumps
 .text.AnalogSetDefault
                0x00001454       0x1c .\CortexM0\ARM_GCC_541\Debug\cyfitter_cfg.o
 .text.IntDefaultHandler
                0x00001470       0x10 .\CortexM0\ARM_GCC_541\Debug\Cm0Start.o
                0x00001470                IntDefaultHandler
 .text._sbrk    0x00001480       0x30 .\CortexM0\ARM_GCC_541\Debug\Cm0Start.o
                0x00001480                _sbrk
 .text.Start_c  0x000014b0       0x48 .\CortexM0\ARM_GCC_541\Debug\Cm0Start.o
                0x000014b0                Start_c
 .text.initialize_psoc
                0x000014f8       0x40 .\CortexM0\ARM_GCC_541\Debug\Cm0Start.o
                0x000014f8                initialize_psoc
 .text.PWM_1_WriteCounter
                0x00001538       0x10 .\CortexM0\ARM_GCC_541\Debug\Revelite_Batt_PSoC4.a(PWM_1.o)
                0x00001538                PWM_1_WriteCounter
 .text.PWM_1_WritePeriod
                0x00001548       0x10 .\CortexM0\ARM_GCC_541\Debug\Revelite_Batt_PSoC4.a(PWM_1.o)
                0x00001548                PWM_1_WritePeriod
 .text.PWM_1_SetCompareSwap
                0x00001558       0x24 .\CortexM0\ARM_GCC_541\Debug\Revelite_Batt_PSoC4.a(PWM_1.o)
                0x00001558                PWM_1_SetCompareSwap
 .text.PWM_1_WriteCompare
                0x0000157c       0x10 .\CortexM0\ARM_GCC_541\Debug\Revelite_Batt_PSoC4.a(PWM_1.o)
                0x0000157c                PWM_1_WriteCompare
 .text.PWM_1_WriteCompareBuf
                0x0000158c       0x10 .\CortexM0\ARM_GCC_541\Debug\Revelite_Batt_PSoC4.a(PWM_1.o)
                0x0000158c                PWM_1_WriteCompareBuf
 .text.PWM_1_TriggerCommand
                0x0000159c       0x1c .\CortexM0\ARM_GCC_541\Debug\Revelite_Batt_PSoC4.a(PWM_1.o)
                0x0000159c                PWM_1_TriggerCommand
 .text.PWM_1_Enable
                0x000015b8       0x24 .\CortexM0\ARM_GCC_541\Debug\Revelite_Batt_PSoC4.a(PWM_1.o)
                0x000015b8                PWM_1_Enable
 .text.PWM_1_SetInterruptMode
                0x000015dc        0xc .\CortexM0\ARM_GCC_541\Debug\Revelite_Batt_PSoC4.a(PWM_1.o)
                0x000015dc                PWM_1_SetInterruptMode
 .text.PWM_1_Init
                0x000015e8       0x54 .\CortexM0\ARM_GCC_541\Debug\Revelite_Batt_PSoC4.a(PWM_1.o)
                0x000015e8                PWM_1_Init
 .text.PWM_1_Start
                0x0000163c       0x20 .\CortexM0\ARM_GCC_541\Debug\Revelite_Batt_PSoC4.a(PWM_1.o)
                0x0000163c                PWM_1_Start
 .text.PWM_1_ClearInterrupt
                0x0000165c        0xc .\CortexM0\ARM_GCC_541\Debug\Revelite_Batt_PSoC4.a(PWM_1.o)
                0x0000165c                PWM_1_ClearInterrupt
 .text.PWM_2_WriteCounter
                0x00001668       0x10 .\CortexM0\ARM_GCC_541\Debug\Revelite_Batt_PSoC4.a(PWM_2.o)
                0x00001668                PWM_2_WriteCounter
 .text.PWM_2_WritePeriod
                0x00001678       0x10 .\CortexM0\ARM_GCC_541\Debug\Revelite_Batt_PSoC4.a(PWM_2.o)
                0x00001678                PWM_2_WritePeriod
 .text.PWM_2_SetCompareSwap
                0x00001688       0x24 .\CortexM0\ARM_GCC_541\Debug\Revelite_Batt_PSoC4.a(PWM_2.o)
                0x00001688                PWM_2_SetCompareSwap
 .text.PWM_2_WriteCompare
                0x000016ac       0x10 .\CortexM0\ARM_GCC_541\Debug\Revelite_Batt_PSoC4.a(PWM_2.o)
                0x000016ac                PWM_2_WriteCompare
 .text.PWM_2_WriteCompareBuf
                0x000016bc       0x10 .\CortexM0\ARM_GCC_541\Debug\Revelite_Batt_PSoC4.a(PWM_2.o)
                0x000016bc                PWM_2_WriteCompareBuf
 .text.PWM_2_TriggerCommand
                0x000016cc       0x1c .\CortexM0\ARM_GCC_541\Debug\Revelite_Batt_PSoC4.a(PWM_2.o)
                0x000016cc                PWM_2_TriggerCommand
 .text.PWM_2_Enable
                0x000016e8       0x24 .\CortexM0\ARM_GCC_541\Debug\Revelite_Batt_PSoC4.a(PWM_2.o)
                0x000016e8                PWM_2_Enable
 .text.PWM_2_SetInterruptMode
                0x0000170c        0xc .\CortexM0\ARM_GCC_541\Debug\Revelite_Batt_PSoC4.a(PWM_2.o)
                0x0000170c                PWM_2_SetInterruptMode
 .text.PWM_2_Init
                0x00001718       0x54 .\CortexM0\ARM_GCC_541\Debug\Revelite_Batt_PSoC4.a(PWM_2.o)
                0x00001718                PWM_2_Init
 .text.PWM_2_Start
                0x0000176c       0x20 .\CortexM0\ARM_GCC_541\Debug\Revelite_Batt_PSoC4.a(PWM_2.o)
                0x0000176c                PWM_2_Start
 .text.DIM_isr_SetVector
                0x0000178c        0xc .\CortexM0\ARM_GCC_541\Debug\Revelite_Batt_PSoC4.a(DIM_isr.o)
                0x0000178c                DIM_isr_SetVector
 .text.DIM_isr_SetPriority
                0x00001798       0x20 .\CortexM0\ARM_GCC_541\Debug\Revelite_Batt_PSoC4.a(DIM_isr.o)
                0x00001798                DIM_isr_SetPriority
 .text.DIM_isr_Enable
                0x000017b8       0x10 .\CortexM0\ARM_GCC_541\Debug\Revelite_Batt_PSoC4.a(DIM_isr.o)
                0x000017b8                DIM_isr_Enable
 .text.DIM_isr_Disable
                0x000017c8       0x10 .\CortexM0\ARM_GCC_541\Debug\Revelite_Batt_PSoC4.a(DIM_isr.o)
                0x000017c8                DIM_isr_Disable
 .text.DIM_isr_StartEx
                0x000017d8       0x1c .\CortexM0\ARM_GCC_541\Debug\Revelite_Batt_PSoC4.a(DIM_isr.o)
                0x000017d8                DIM_isr_StartEx
 .text.ADC_Init
                0x000017f4      0x18c .\CortexM0\ARM_GCC_541\Debug\Revelite_Batt_PSoC4.a(ADC.o)
                0x000017f4                ADC_Init
 .text.ADC_Enable
                0x00001980       0x24 .\CortexM0\ARM_GCC_541\Debug\Revelite_Batt_PSoC4.a(ADC.o)
                0x00001980                ADC_Enable
 .text.ADC_Start
                0x000019a4       0x20 .\CortexM0\ARM_GCC_541\Debug\Revelite_Batt_PSoC4.a(ADC.o)
                0x000019a4                ADC_Start
 .text.ADC_StartConvert
                0x000019c4       0x14 .\CortexM0\ARM_GCC_541\Debug\Revelite_Batt_PSoC4.a(ADC.o)
                0x000019c4                ADC_StartConvert
 .text.ADC_GetResult16
                0x000019d8       0x2c .\CortexM0\ARM_GCC_541\Debug\Revelite_Batt_PSoC4.a(ADC.o)
                0x000019d8                ADC_GetResult16
 .text.ADC_ISR  0x00001a04        0xc .\CortexM0\ARM_GCC_541\Debug\Revelite_Batt_PSoC4.a(ADC_INT.o)
                0x00001a04                ADC_ISR
 .text.UART_ScbModePostEnable
                0x00001a10        0x8 .\CortexM0\ARM_GCC_541\Debug\Revelite_Batt_PSoC4.a(UART.o)
 .text.UART_Init
                0x00001a18        0x8 .\CortexM0\ARM_GCC_541\Debug\Revelite_Batt_PSoC4.a(UART.o)
                0x00001a18                UART_Init
 .text.UART_Enable
                0x00001a20       0x18 .\CortexM0\ARM_GCC_541\Debug\Revelite_Batt_PSoC4.a(UART.o)
                0x00001a20                UART_Enable
 .text.UART_Start
                0x00001a38       0x20 .\CortexM0\ARM_GCC_541\Debug\Revelite_Batt_PSoC4.a(UART.o)
                0x00001a38                UART_Start
 .text.UART_SpiUartReadRxData
                0x00001a58        0xc .\CortexM0\ARM_GCC_541\Debug\Revelite_Batt_PSoC4.a(UART_SPI_UART.o)
                0x00001a58                UART_SpiUartReadRxData
 .text.UART_SpiUartGetRxBufferSize
                0x00001a64       0x10 .\CortexM0\ARM_GCC_541\Debug\Revelite_Batt_PSoC4.a(UART_SPI_UART.o)
                0x00001a64                UART_SpiUartGetRxBufferSize
 .text.UART_SpiUartWriteTxData
                0x00001a74       0x1c .\CortexM0\ARM_GCC_541\Debug\Revelite_Batt_PSoC4.a(UART_SPI_UART.o)
                0x00001a74                UART_SpiUartWriteTxData
 .text.UART_SpiUartPutArray
                0x00001a90       0x18 .\CortexM0\ARM_GCC_541\Debug\Revelite_Batt_PSoC4.a(UART_SPI_UART.o)
                0x00001a90                UART_SpiUartPutArray
 .text.UART_SpiUartGetTxBufferSize
                0x00001aa8       0x10 .\CortexM0\ARM_GCC_541\Debug\Revelite_Batt_PSoC4.a(UART_SPI_UART.o)
                0x00001aa8                UART_SpiUartGetTxBufferSize
 .text.UART_UartInit
                0x00001ab8       0x9c .\CortexM0\ARM_GCC_541\Debug\Revelite_Batt_PSoC4.a(UART_UART.o)
                0x00001ab8                UART_UartInit
 .text.UART_UartPostEnable
                0x00001b54       0x24 .\CortexM0\ARM_GCC_541\Debug\Revelite_Batt_PSoC4.a(UART_UART.o)
                0x00001b54                UART_UartPostEnable
 .text.ACTLED_Write
                0x00001b78       0x18 .\CortexM0\ARM_GCC_541\Debug\Revelite_Batt_PSoC4.a(ACTLED.o)
                0x00001b78                ACTLED_Write
 .text.ACTLED_Read
                0x00001b90       0x10 .\CortexM0\ARM_GCC_541\Debug\Revelite_Batt_PSoC4.a(ACTLED.o)
                0x00001b90                ACTLED_Read
 .text.ERRLED_Write
                0x00001ba0       0x18 .\CortexM0\ARM_GCC_541\Debug\Revelite_Batt_PSoC4.a(ERRLED.o)
                0x00001ba0                ERRLED_Write
 .text.I2CM_ScbEnableIntr
                0x00001bb8        0xc .\CortexM0\ARM_GCC_541\Debug\Revelite_Batt_PSoC4.a(I2CM.o)
 .text.I2CM_Init
                0x00001bc4        0x8 .\CortexM0\ARM_GCC_541\Debug\Revelite_Batt_PSoC4.a(I2CM.o)
                0x00001bc4                I2CM_Init
 .text.I2CM_Enable
                0x00001bcc       0x18 .\CortexM0\ARM_GCC_541\Debug\Revelite_Batt_PSoC4.a(I2CM.o)
                0x00001bcc                I2CM_Enable
 .text.I2CM_Start
                0x00001be4       0x20 .\CortexM0\ARM_GCC_541\Debug\Revelite_Batt_PSoC4.a(I2CM.o)
                0x00001be4                I2CM_Start
 .text.I2CM_I2CInit
                0x00001c04       0xc4 .\CortexM0\ARM_GCC_541\Debug\Revelite_Batt_PSoC4.a(I2CM_I2C.o)
                0x00001c04                I2CM_I2CInit
 .text.I2CM_I2CFwBlockReset
                0x00001cc8       0x94 .\CortexM0\ARM_GCC_541\Debug\Revelite_Batt_PSoC4.a(I2CM_I2C.o)
                0x00001cc8                I2CM_I2CFwBlockReset
 .text.I2CM_I2CMasterWaitOneUnit
                0x00001d5c       0x28 .\CortexM0\ARM_GCC_541\Debug\Revelite_Batt_PSoC4.a(I2CM_I2C_MASTER.o)
 .text.I2CM_I2CMasterHandleStatus
                0x00001d84       0xc4 .\CortexM0\ARM_GCC_541\Debug\Revelite_Batt_PSoC4.a(I2CM_I2C_MASTER.o)
 .text.I2CM_I2CMasterSendStart
                0x00001e48       0xc4 .\CortexM0\ARM_GCC_541\Debug\Revelite_Batt_PSoC4.a(I2CM_I2C_MASTER.o)
                0x00001e48                I2CM_I2CMasterSendStart
 .text.I2CM_I2CMasterSendStop
                0x00001f0c       0x58 .\CortexM0\ARM_GCC_541\Debug\Revelite_Batt_PSoC4.a(I2CM_I2C_MASTER.o)
                0x00001f0c                I2CM_I2CMasterSendStop
 .text.I2CM_I2CMasterWriteByte
                0x00001f64       0x48 .\CortexM0\ARM_GCC_541\Debug\Revelite_Batt_PSoC4.a(I2CM_I2C_MASTER.o)
                0x00001f64                I2CM_I2CMasterWriteByte
 .text.I2CM_I2CMasterReadByte
                0x00001fac       0x7c .\CortexM0\ARM_GCC_541\Debug\Revelite_Batt_PSoC4.a(I2CM_I2C_MASTER.o)
                0x00001fac                I2CM_I2CMasterReadByte
 .text.I2CM_I2CMasterStatus
                0x00002028       0x30 .\CortexM0\ARM_GCC_541\Debug\Revelite_Batt_PSoC4.a(I2CM_I2C_MASTER.o)
                0x00002028                I2CM_I2CMasterStatus
 .text.I2CM_I2CMasterClearStatus
                0x00002058       0x20 .\CortexM0\ARM_GCC_541\Debug\Revelite_Batt_PSoC4.a(I2CM_I2C_MASTER.o)
                0x00002058                I2CM_I2CMasterClearStatus
 .text.I2CM_I2CReStartGeneration
                0x00002078       0xc4 .\CortexM0\ARM_GCC_541\Debug\Revelite_Batt_PSoC4.a(I2CM_I2C_MASTER.o)
                0x00002078                I2CM_I2CReStartGeneration
 .text.I2CM_I2CMasterWriteBuf
                0x0000213c       0xf8 .\CortexM0\ARM_GCC_541\Debug\Revelite_Batt_PSoC4.a(I2CM_I2C_MASTER.o)
                0x0000213c                I2CM_I2CMasterWriteBuf
 .text.I2CM_I2CMasterSendRestart
                0x00002234       0x68 .\CortexM0\ARM_GCC_541\Debug\Revelite_Batt_PSoC4.a(I2CM_I2C_MASTER.o)
                0x00002234                I2CM_I2CMasterSendRestart
 .text.ADC_IRQ_SetVector
                0x0000229c        0xc .\CortexM0\ARM_GCC_541\Debug\Revelite_Batt_PSoC4.a(ADC_IRQ.o)
                0x0000229c                ADC_IRQ_SetVector
 .text.ADC_IRQ_SetPriority
                0x000022a8       0x24 .\CortexM0\ARM_GCC_541\Debug\Revelite_Batt_PSoC4.a(ADC_IRQ.o)
                0x000022a8                ADC_IRQ_SetPriority
 .text.ADC_IRQ_Enable
                0x000022cc       0x10 .\CortexM0\ARM_GCC_541\Debug\Revelite_Batt_PSoC4.a(ADC_IRQ.o)
                0x000022cc                ADC_IRQ_Enable
 .text.ADC_IRQ_Disable
                0x000022dc       0x10 .\CortexM0\ARM_GCC_541\Debug\Revelite_Batt_PSoC4.a(ADC_IRQ.o)
                0x000022dc                ADC_IRQ_Disable
 .text.ADC_IRQ_StartEx
                0x000022ec       0x1c .\CortexM0\ARM_GCC_541\Debug\Revelite_Batt_PSoC4.a(ADC_IRQ.o)
                0x000022ec                ADC_IRQ_StartEx
 .text.I2CM_sda_Read
                0x00002308       0x10 .\CortexM0\ARM_GCC_541\Debug\Revelite_Batt_PSoC4.a(I2CM_sda.o)
                0x00002308                I2CM_sda_Read
 .text.I2CM_scl_Write
                0x00002318       0x18 .\CortexM0\ARM_GCC_541\Debug\Revelite_Batt_PSoC4.a(I2CM_scl.o)
                0x00002318                I2CM_scl_Write
 .text.I2CM_scl_Read
                0x00002330       0x10 .\CortexM0\ARM_GCC_541\Debug\Revelite_Batt_PSoC4.a(I2CM_scl.o)
                0x00002330                I2CM_scl_Read
 .text.CySysFlashClockBackup
                0x00002340       0x14 .\CortexM0\ARM_GCC_541\Debug\Revelite_Batt_PSoC4.a(CyFlash.o)
 .text.CySysFlashClockRestore
                0x00002354       0x14 .\CortexM0\ARM_GCC_541\Debug\Revelite_Batt_PSoC4.a(CyFlash.o)
 .text.CySysFlashWriteRow
                0x00002368      0x224 .\CortexM0\ARM_GCC_541\Debug\Revelite_Batt_PSoC4.a(CyFlash.o)
                0x00002368                CySysFlashWriteRow
 .text.CyIntEnable
                0x0000258c       0x14 .\CortexM0\ARM_GCC_541\Debug\Revelite_Batt_PSoC4.a(CyLib.o)
                0x0000258c                CyIntEnable
 .text.CyIntDisable
                0x000025a0       0x14 .\CortexM0\ARM_GCC_541\Debug\Revelite_Batt_PSoC4.a(CyLib.o)
                0x000025a0                CyIntDisable
 .text.CyHalt   0x000025b4        0x4 .\CortexM0\ARM_GCC_541\Debug\Revelite_Batt_PSoC4.a(CyLib.o)
                0x000025b4                CyHalt
 .text.CyIntSetSysVector
                0x000025b8       0x20 .\CortexM0\ARM_GCC_541\Debug\Revelite_Batt_PSoC4.a(CyLib.o)
                0x000025b8                CyIntSetSysVector
 .text.CyIntSetVector
                0x000025d8       0x24 .\CortexM0\ARM_GCC_541\Debug\Revelite_Batt_PSoC4.a(CyLib.o)
                0x000025d8                CyIntSetVector
 .text.CyIntSetPriority
                0x000025fc       0x4c .\CortexM0\ARM_GCC_541\Debug\Revelite_Batt_PSoC4.a(CyLib.o)
                0x000025fc                CyIntSetPriority
 .text.CyDelay  0x00002648       0x30 .\CortexM0\ARM_GCC_541\Debug\Revelite_Batt_PSoC4.a(CyLib.o)
                0x00002648                CyDelay
 .text.CyDelayUs
                0x00002678       0x14 .\CortexM0\ARM_GCC_541\Debug\Revelite_Batt_PSoC4.a(CyLib.o)
                0x00002678                CyDelayUs
 .text.CySysClkWriteImoFreq
                0x0000268c      0x164 .\CortexM0\ARM_GCC_541\Debug\Revelite_Batt_PSoC4.a(CyLib.o)
                0x0000268c                CySysClkWriteImoFreq
 .text.CySysWdtLocked
                0x000027f0       0x14 .\CortexM0\ARM_GCC_541\Debug\Revelite_Batt_PSoC4.a(CyLFClk.o)
 .text.CySysWdtLock
                0x00002804       0x1c .\CortexM0\ARM_GCC_541\Debug\Revelite_Batt_PSoC4.a(CyLFClk.o)
                0x00002804                CySysWdtLock
 .text.CySysWdtUnlock
                0x00002820       0x30 .\CortexM0\ARM_GCC_541\Debug\Revelite_Batt_PSoC4.a(CyLFClk.o)
                0x00002820                CySysWdtUnlock
 .text.CySysWdtClearInterrupt
                0x00002850       0x4c .\CortexM0\ARM_GCC_541\Debug\Revelite_Batt_PSoC4.a(CyLFClk.o)
                0x00002850                CySysWdtClearInterrupt
 .text.CySysWdtIsr
                0x0000289c       0xa4 .\CortexM0\ARM_GCC_541\Debug\Revelite_Batt_PSoC4.a(CyLFClk.o)
                0x0000289c                CySysWdtIsr
 .text          0x00002940       0x24 .\CortexM0\ARM_GCC_541\Debug\Revelite_Batt_PSoC4.a(CyBootAsmGnu.o)
                0x00002940                CyDelayCycles
                0x00002954                CyEnterCriticalSection
                0x0000295c                CyExitCriticalSection
 .text.I2CM_I2C_ISR
                0x00002964      0x33c .\CortexM0\ARM_GCC_541\Debug\Revelite_Batt_PSoC4.a(I2CM_I2C_INT.o)
                0x00002964                I2CM_I2C_ISR
 .text          0x00002ca0      0x114 c:/program files (x86)/cypress/psoc creator/4.4/psoc creator/import/gnu/arm/5.4.1/bin/../lib/gcc/arm-none-eabi/5.4.1/armv6-m\libgcc.a(_udivsi3.o)
                0x00002ca0                __aeabi_uidiv
                0x00002ca0                __udivsi3
                0x00002dac                __aeabi_uidivmod
 .text          0x00002db4        0x4 c:/program files (x86)/cypress/psoc creator/4.4/psoc creator/import/gnu/arm/5.4.1/bin/../lib/gcc/arm-none-eabi/5.4.1/armv6-m\libgcc.a(_dvmd_tls.o)
                0x00002db4                __aeabi_idiv0
                0x00002db4                __aeabi_ldiv0
 .text          0x00002db8       0x74 c:/program files (x86)/cypress/psoc creator/4.4/psoc creator/import/gnu/arm/5.4.1/bin/../lib/gcc/arm-none-eabi/5.4.1/armv6-m\libgcc.a(_arm_cmpsf2.o)
                0x00002db8                __aeabi_cfrcmple
                0x00002dc0                __aeabi_cfcmpeq
                0x00002dc0                __aeabi_cfcmple
                0x00002dd0                __aeabi_fcmpeq
                0x00002ddc                __aeabi_fcmplt
                0x00002df0                __aeabi_fcmple
                0x00002e04                __aeabi_fcmpgt
                0x00002e18                __aeabi_fcmpge
 .text          0x00002e2c       0x30 c:/program files (x86)/cypress/psoc creator/4.4/psoc creator/import/gnu/arm/5.4.1/bin/../lib/gcc/arm-none-eabi/5.4.1/armv6-m\libgcc.a(_fixunssfsi.o)
                0x00002e2c                __fixunssfsi
                0x00002e2c                __aeabi_f2uiz
 .text          0x00002e5c       0x3c c:/program files (x86)/cypress/psoc creator/4.4/psoc creator/import/gnu/arm/5.4.1/bin/../lib/gcc/arm-none-eabi/5.4.1/armv6-m\libgcc.a(_fixunsdfsi.o)
                0x00002e5c                __aeabi_d2uiz
                0x00002e5c                __fixunsdfsi
 .text          0x00002e98      0x2ec c:/program files (x86)/cypress/psoc creator/4.4/psoc creator/import/gnu/arm/5.4.1/bin/../lib/gcc/arm-none-eabi/5.4.1/armv6-m\libgcc.a(addsf3.o)
                0x00002e98                __aeabi_fadd
 .text          0x00003184      0x234 c:/program files (x86)/cypress/psoc creator/4.4/psoc creator/import/gnu/arm/5.4.1/bin/../lib/gcc/arm-none-eabi/5.4.1/armv6-m\libgcc.a(divsf3.o)
                0x00003184                __aeabi_fdiv
 .text          0x000033b8       0x50 c:/program files (x86)/cypress/psoc creator/4.4/psoc creator/import/gnu/arm/5.4.1/bin/../lib/gcc/arm-none-eabi/5.4.1/armv6-m\libgcc.a(eqsf2.o)
                0x000033b8                __eqsf2
                0x000033b8                __nesf2
 .text          0x00003408       0x88 c:/program files (x86)/cypress/psoc creator/4.4/psoc creator/import/gnu/arm/5.4.1/bin/../lib/gcc/arm-none-eabi/5.4.1/armv6-m\libgcc.a(gesf2.o)
                0x00003408                __gesf2
                0x00003408                __gtsf2
 .text          0x00003490       0x88 c:/program files (x86)/cypress/psoc creator/4.4/psoc creator/import/gnu/arm/5.4.1/bin/../lib/gcc/arm-none-eabi/5.4.1/armv6-m\libgcc.a(lesf2.o)
                0x00003490                __ltsf2
                0x00003490                __lesf2
 .text          0x00003518      0x228 c:/program files (x86)/cypress/psoc creator/4.4/psoc creator/import/gnu/arm/5.4.1/bin/../lib/gcc/arm-none-eabi/5.4.1/armv6-m\libgcc.a(mulsf3.o)
                0x00003518                __aeabi_fmul
 .text          0x00003740      0x30c c:/program files (x86)/cypress/psoc creator/4.4/psoc creator/import/gnu/arm/5.4.1/bin/../lib/gcc/arm-none-eabi/5.4.1/armv6-m\libgcc.a(subsf3.o)
                0x00003740                __aeabi_fsub
 .text          0x00003a4c       0x30 c:/program files (x86)/cypress/psoc creator/4.4/psoc creator/import/gnu/arm/5.4.1/bin/../lib/gcc/arm-none-eabi/5.4.1/armv6-m\libgcc.a(unordsf2.o)
                0x00003a4c                __aeabi_fcmpun
 .text          0x00003a7c       0x44 c:/program files (x86)/cypress/psoc creator/4.4/psoc creator/import/gnu/arm/5.4.1/bin/../lib/gcc/arm-none-eabi/5.4.1/armv6-m\libgcc.a(fixsfsi.o)
                0x00003a7c                __aeabi_f2iz
 .text          0x00003ac0       0x90 c:/program files (x86)/cypress/psoc creator/4.4/psoc creator/import/gnu/arm/5.4.1/bin/../lib/gcc/arm-none-eabi/5.4.1/armv6-m\libgcc.a(floatsisf.o)
                0x00003ac0                __aeabi_i2f
 .text          0x00003b50       0x7c c:/program files (x86)/cypress/psoc creator/4.4/psoc creator/import/gnu/arm/5.4.1/bin/../lib/gcc/arm-none-eabi/5.4.1/armv6-m\libgcc.a(floatunsisf.o)
                0x00003b50                __aeabi_ui2f
 .text          0x00003bcc      0x62c c:/program files (x86)/cypress/psoc creator/4.4/psoc creator/import/gnu/arm/5.4.1/bin/../lib/gcc/arm-none-eabi/5.4.1/armv6-m\libgcc.a(divdf3.o)
                0x00003bcc                __aeabi_ddiv
 .text          0x000041f8      0x4f4 c:/program files (x86)/cypress/psoc creator/4.4/psoc creator/import/gnu/arm/5.4.1/bin/../lib/gcc/arm-none-eabi/5.4.1/armv6-m\libgcc.a(muldf3.o)
                0x000041f8                __aeabi_dmul
 .text          0x000046ec      0x6a8 c:/program files (x86)/cypress/psoc creator/4.4/psoc creator/import/gnu/arm/5.4.1/bin/../lib/gcc/arm-none-eabi/5.4.1/armv6-m\libgcc.a(subdf3.o)
                0x000046ec                __aeabi_dsub
 .text          0x00004d94       0x6c c:/program files (x86)/cypress/psoc creator/4.4/psoc creator/import/gnu/arm/5.4.1/bin/../lib/gcc/arm-none-eabi/5.4.1/armv6-m\libgcc.a(fixdfsi.o)
                0x00004d94                __aeabi_d2iz
 .text          0x00004e00       0x84 c:/program files (x86)/cypress/psoc creator/4.4/psoc creator/import/gnu/arm/5.4.1/bin/../lib/gcc/arm-none-eabi/5.4.1/armv6-m\libgcc.a(floatsidf.o)
                0x00004e00                __aeabi_i2d
 .text          0x00004e84       0xa8 c:/program files (x86)/cypress/psoc creator/4.4/psoc creator/import/gnu/arm/5.4.1/bin/../lib/gcc/arm-none-eabi/5.4.1/armv6-m\libgcc.a(extendsfdf2.o)
                0x00004e84                __aeabi_f2d
 .text          0x00004f2c      0x118 c:/program files (x86)/cypress/psoc creator/4.4/psoc creator/import/gnu/arm/5.4.1/bin/../lib/gcc/arm-none-eabi/5.4.1/armv6-m\libgcc.a(truncdfsf2.o)
                0x00004f2c                __aeabi_d2f
 .text          0x00005044       0x7c c:/program files (x86)/cypress/psoc creator/4.4/psoc creator/import/gnu/arm/5.4.1/bin/../lib/gcc/arm-none-eabi/5.4.1/armv6-m\libgcc.a(_arm_cmpdf2.o)
                0x00005044                __aeabi_cdrcmple
                0x00005054                __aeabi_cdcmple
                0x00005054                __aeabi_cdcmpeq
                0x00005064                __aeabi_dcmpeq
                0x00005070                __aeabi_dcmplt
                0x00005084                __aeabi_dcmple
                0x00005098                __aeabi_dcmpgt
                0x000050ac                __aeabi_dcmpge
 .text          0x000050c0       0x3c c:/program files (x86)/cypress/psoc creator/4.4/psoc creator/import/gnu/arm/5.4.1/bin/../lib/gcc/arm-none-eabi/5.4.1/armv6-m\libgcc.a(_clzsi2.o)
                0x000050c0                __clzsi2
 .text          0x000050fc       0x80 c:/program files (x86)/cypress/psoc creator/4.4/psoc creator/import/gnu/arm/5.4.1/bin/../lib/gcc/arm-none-eabi/5.4.1/armv6-m\libgcc.a(eqdf2.o)
                0x000050fc                __nedf2
                0x000050fc                __eqdf2
 .text          0x0000517c       0xc8 c:/program files (x86)/cypress/psoc creator/4.4/psoc creator/import/gnu/arm/5.4.1/bin/../lib/gcc/arm-none-eabi/5.4.1/armv6-m\libgcc.a(gedf2.o)
                0x0000517c                __gedf2
                0x0000517c                __gtdf2
 .text          0x00005244       0xd4 c:/program files (x86)/cypress/psoc creator/4.4/psoc creator/import/gnu/arm/5.4.1/bin/../lib/gcc/arm-none-eabi/5.4.1/armv6-m\libgcc.a(ledf2.o)
                0x00005244                __ledf2
                0x00005244                __ltdf2
 .text.__errno  0x00005318        0xc c:/program files (x86)/cypress/psoc creator/4.4/psoc creator/import/gnu/arm/5.4.1/bin/../lib/gcc/arm-none-eabi/5.4.1/../../../../arm-none-eabi/lib/armv6-m\libg_nano.a(lib_a-errno.o)
                0x00005318                __errno
 .text.__libc_init_array
                0x00005324       0x4c c:/program files (x86)/cypress/psoc creator/4.4/psoc creator/import/gnu/arm/5.4.1/bin/../lib/gcc/arm-none-eabi/5.4.1/../../../../arm-none-eabi/lib/armv6-m\libg_nano.a(lib_a-init.o)
                0x00005324                __libc_init_array
 .text.memcpy   0x00005370       0x12 c:/program files (x86)/cypress/psoc creator/4.4/psoc creator/import/gnu/arm/5.4.1/bin/../lib/gcc/arm-none-eabi/5.4.1/../../../../arm-none-eabi/lib/armv6-m\libg_nano.a(lib_a-memcpy-stub.o)
                0x00005370                memcpy
 .text.memset   0x00005382       0x10 c:/program files (x86)/cypress/psoc creator/4.4/psoc creator/import/gnu/arm/5.4.1/bin/../lib/gcc/arm-none-eabi/5.4.1/../../../../arm-none-eabi/lib/armv6-m\libg_nano.a(lib_a-memset.o)
                0x00005382                memset
 *fill*         0x00005392        0x2 
 .text.sprintf  0x00005394       0x44 c:/program files (x86)/cypress/psoc creator/4.4/psoc creator/import/gnu/arm/5.4.1/bin/../lib/gcc/arm-none-eabi/5.4.1/../../../../arm-none-eabi/lib/armv6-m\libg_nano.a(lib_a-sprintf.o)
                0x00005394                siprintf
                0x00005394                sprintf
 .text          0x000053d8        0xe c:/program files (x86)/cypress/psoc creator/4.4/psoc creator/import/gnu/arm/5.4.1/bin/../lib/gcc/arm-none-eabi/5.4.1/../../../../arm-none-eabi/lib/armv6-m\libg_nano.a(lib_a-strlen.o)
                0x000053d8                strlen
 *fill*         0x000053e6        0x2 
 .text.__ssputs_r
                0x000053e8       0xc4 c:/program files (x86)/cypress/psoc creator/4.4/psoc creator/import/gnu/arm/5.4.1/bin/../lib/gcc/arm-none-eabi/5.4.1/../../../../arm-none-eabi/lib/armv6-m\libg_nano.a(lib_a-nano-svfprintf.o)
                0x000053e8                __ssputs_r
 .text._svfprintf_r
                0x000054ac      0x1fc c:/program files (x86)/cypress/psoc creator/4.4/psoc creator/import/gnu/arm/5.4.1/bin/../lib/gcc/arm-none-eabi/5.4.1/../../../../arm-none-eabi/lib/armv6-m\libg_nano.a(lib_a-nano-svfprintf.o)
                0x000054ac                _svfiprintf_r
                0x000054ac                _svfprintf_r
 .text._printf_common
                0x000056a8       0xdc c:/program files (x86)/cypress/psoc creator/4.4/psoc creator/import/gnu/arm/5.4.1/bin/../lib/gcc/arm-none-eabi/5.4.1/../../../../arm-none-eabi/lib/armv6-m\libg_nano.a(lib_a-nano-vfprintf_i.o)
                0x000056a8                _printf_common
 .text._printf_i
                0x00005784      0x244 c:/program files (x86)/cypress/psoc creator/4.4/psoc creator/import/gnu/arm/5.4.1/bin/../lib/gcc/arm-none-eabi/5.4.1/../../../../arm-none-eabi/lib/armv6-m\libg_nano.a(lib_a-nano-vfprintf_i.o)
                0x00005784                _printf_i
 .text.memchr   0x000059c8       0x16 c:/program files (x86)/cypress/psoc creator/4.4/psoc creator/import/gnu/arm/5.4.1/bin/../lib/gcc/arm-none-eabi/5.4.1/../../../../arm-none-eabi/lib/armv6-m\libg_nano.a(lib_a-memchr-stub.o)
                0x000059c8                memchr
 .text.memmove  0x000059de       0x2a c:/program files (x86)/cypress/psoc creator/4.4/psoc creator/import/gnu/arm/5.4.1/bin/../lib/gcc/arm-none-eabi/5.4.1/../../../../arm-none-eabi/lib/armv6-m\libg_nano.a(lib_a-memmove.o)
                0x000059de                memmove
 .text._free_r  0x00005a08       0x98 c:/program files (x86)/cypress/psoc creator/4.4/psoc creator/import/gnu/arm/5.4.1/bin/../lib/gcc/arm-none-eabi/5.4.1/../../../../arm-none-eabi/lib/armv6-m\libg_nano.a(lib_a-nano-freer.o)
                0x00005a08                _free_r
 .text._malloc_r
                0x00005aa0       0xc0 c:/program files (x86)/cypress/psoc creator/4.4/psoc creator/import/gnu/arm/5.4.1/bin/../lib/gcc/arm-none-eabi/5.4.1/../../../../arm-none-eabi/lib/armv6-m\libg_nano.a(lib_a-nano-mallocr.o)
                0x00005aa0                _malloc_r
 .text._realloc_r
                0x00005b60       0x4c c:/program files (x86)/cypress/psoc creator/4.4/psoc creator/import/gnu/arm/5.4.1/bin/../lib/gcc/arm-none-eabi/5.4.1/../../../../arm-none-eabi/lib/armv6-m\libg_nano.a(lib_a-nano-reallocr.o)
                0x00005b60                _realloc_r
 .text._sbrk_r  0x00005bac       0x24 c:/program files (x86)/cypress/psoc creator/4.4/psoc creator/import/gnu/arm/5.4.1/bin/../lib/gcc/arm-none-eabi/5.4.1/../../../../arm-none-eabi/lib/armv6-m\libg_nano.a(lib_a-sbrkr.o)
                0x00005bac                _sbrk_r
 .text.__malloc_lock
                0x00005bd0        0x2 c:/program files (x86)/cypress/psoc creator/4.4/psoc creator/import/gnu/arm/5.4.1/bin/../lib/gcc/arm-none-eabi/5.4.1/../../../../arm-none-eabi/lib/armv6-m\libg_nano.a(lib_a-mlock.o)
                0x00005bd0                __malloc_lock
 .text.__malloc_unlock
                0x00005bd2        0x2 c:/program files (x86)/cypress/psoc creator/4.4/psoc creator/import/gnu/arm/5.4.1/bin/../lib/gcc/arm-none-eabi/5.4.1/../../../../arm-none-eabi/lib/armv6-m\libg_nano.a(lib_a-mlock.o)
                0x00005bd2                __malloc_unlock
 .text._malloc_usable_size_r
                0x00005bd4       0x16 c:/program files (x86)/cypress/psoc creator/4.4/psoc creator/import/gnu/arm/5.4.1/bin/../lib/gcc/arm-none-eabi/5.4.1/../../../../arm-none-eabi/lib/armv6-m\libg_nano.a(lib_a-nano-msizer.o)
                0x00005bd4                _malloc_usable_size_r
 *(.plt)
 *(.gnu.warning)
 *(.glue_7t)
 .glue_7t       0x00005bea        0x0 linker stubs
 *(.glue_7)
 .glue_7        0x00005bea        0x0 linker stubs
 *(.vfp11_veneer)
 .vfp11_veneer  0x00005bea        0x0 linker stubs
 *(.bootloader)
 *(.ARM.extab* .gnu.linkonce.armextab.*)
 *(.gcc_except_table)

.v4_bx          0x00005bec        0x0
 .v4_bx         0x00005bec        0x0 linker stubs

.iplt           0x00005bec        0x0
 .iplt          0x00005bec        0x0 c:/program files (x86)/cypress/psoc creator/4.4/psoc creator/import/gnu/arm/5.4.1/bin/../lib/gcc/arm-none-eabi/5.4.1/armv6-m/crtbegin.o

.eh_frame_hdr
 *(.eh_frame_hdr)

.eh_frame       0x00005bec        0x4
 *(.eh_frame)
 .eh_frame      0x00005bec        0x0 c:/program files (x86)/cypress/psoc creator/4.4/psoc creator/import/gnu/arm/5.4.1/bin/../lib/gcc/arm-none-eabi/5.4.1/armv6-m/crtbegin.o
 .eh_frame      0x00005bec        0x4 c:/program files (x86)/cypress/psoc creator/4.4/psoc creator/import/gnu/arm/5.4.1/bin/../lib/gcc/arm-none-eabi/5.4.1/armv6-m/crtend.o
                [!provide]                PROVIDE (__exidx_start, .)

.ARM.exidx
 *(.ARM.exidx* .gnu.linkonce.armexidx.*)
                0x00005bf0                __exidx_end = .

.rodata         0x00005bf0      0x8e0
 *(.rodata .rodata.* .gnu.linkonce.r.*)
 .rodata        0x00005bf0        0x7 .\CortexM0\ARM_GCC_541\Debug\subs.o
                0x00005bf0                defaultInfo
 *fill*         0x00005bf7        0x1 
 .rodata        0x00005bf8       0xd4 .\CortexM0\ARM_GCC_541\Debug\CLI.o
 .rodata.str1.4
                0x00005ccc      0x5b8 .\CortexM0\ARM_GCC_541\Debug\CLI.o
                                0x5bb (size before relaxing)
 .rodata        0x00006284       0x50 .\CortexM0\ARM_GCC_541\Debug\cyfitter_cfg.o
 .rodata        0x000062d4       0x19 .\CortexM0\ARM_GCC_541\Debug\Revelite_Batt_PSoC4.a(ADC.o)
 *fill*         0x000062ed        0x3 
 .rodata        0x000062f0       0x2e .\CortexM0\ARM_GCC_541\Debug\Revelite_Batt_PSoC4.a(CyLib.o)
                0x000062f0                cyImoFreqMhz2Reg
 *fill*         0x0000631e        0x2 
 .rodata        0x00006320       0x80 c:/program files (x86)/cypress/psoc creator/4.4/psoc creator/import/gnu/arm/5.4.1/bin/../lib/gcc/arm-none-eabi/5.4.1/armv6-m\libgcc.a(divsf3.o)
 .rodata        0x000063a0       0x40 c:/program files (x86)/cypress/psoc creator/4.4/psoc creator/import/gnu/arm/5.4.1/bin/../lib/gcc/arm-none-eabi/5.4.1/armv6-m\libgcc.a(mulsf3.o)
 .rodata        0x000063e0       0x40 c:/program files (x86)/cypress/psoc creator/4.4/psoc creator/import/gnu/arm/5.4.1/bin/../lib/gcc/arm-none-eabi/5.4.1/armv6-m\libgcc.a(divdf3.o)
 .rodata        0x00006420       0x40 c:/program files (x86)/cypress/psoc creator/4.4/psoc creator/import/gnu/arm/5.4.1/bin/../lib/gcc/arm-none-eabi/5.4.1/armv6-m\libgcc.a(muldf3.o)
 .rodata.str1.1
                0x00006460        0x2 c:/program files (x86)/cypress/psoc creator/4.4/psoc creator/import/gnu/arm/5.4.1/bin/../lib/gcc/arm-none-eabi/5.4.1/../../../../arm-none-eabi/lib/armv6-m\libg_nano.a(lib_a-impure.o)
 .rodata.str1.1
                0x00006462       0x11 c:/program files (x86)/cypress/psoc creator/4.4/psoc creator/import/gnu/arm/5.4.1/bin/../lib/gcc/arm-none-eabi/5.4.1/../../../../arm-none-eabi/lib/armv6-m\libg_nano.a(lib_a-nano-svfprintf.o)
 .rodata.str1.1
                0x00006473       0x22 c:/program files (x86)/cypress/psoc creator/4.4/psoc creator/import/gnu/arm/5.4.1/bin/../lib/gcc/arm-none-eabi/5.4.1/../../../../arm-none-eabi/lib/armv6-m\libg_nano.a(lib_a-nano-vfprintf_i.o)
                0x00006498                . = ALIGN (0x4)
 *fill*         0x00006495        0x3 
 *(.init)
 .init          0x00006498        0x4 c:/program files (x86)/cypress/psoc creator/4.4/psoc creator/import/gnu/arm/5.4.1/bin/../lib/gcc/arm-none-eabi/5.4.1/armv6-m/crti.o
                0x00006498                _init
 .init          0x0000649c        0x8 c:/program files (x86)/cypress/psoc creator/4.4/psoc creator/import/gnu/arm/5.4.1/bin/../lib/gcc/arm-none-eabi/5.4.1/armv6-m/crtn.o
                0x000064a4                . = ALIGN (0x4)
                0x000064a4                __preinit_array_start = .
 *(.preinit_array)
                0x000064a4                __preinit_array_end = .
                0x000064a4                . = ALIGN (0x4)
                0x000064a4                __init_array_start = .
 *(SORT(.init_array.*))
 *(.init_array)
 .init_array    0x000064a4        0x4 c:/program files (x86)/cypress/psoc creator/4.4/psoc creator/import/gnu/arm/5.4.1/bin/../lib/gcc/arm-none-eabi/5.4.1/armv6-m/crtbegin.o
 .init_array    0x000064a8        0x4 .\CortexM0\ARM_GCC_541\Debug\Cm0Start.o
                0x000064ac                __init_array_end = .
                0x000064ac                . = ALIGN (0x4)
 *(.fini)
 .fini          0x000064ac        0x4 c:/program files (x86)/cypress/psoc creator/4.4/psoc creator/import/gnu/arm/5.4.1/bin/../lib/gcc/arm-none-eabi/5.4.1/armv6-m/crti.o
                0x000064ac                _fini
 .fini          0x000064b0        0x8 c:/program files (x86)/cypress/psoc creator/4.4/psoc creator/import/gnu/arm/5.4.1/bin/../lib/gcc/arm-none-eabi/5.4.1/armv6-m/crtn.o
                0x000064b8                . = ALIGN (0x4)
                0x000064b8                __fini_array_start = .
 *(.fini_array)
 .fini_array    0x000064b8        0x4 c:/program files (x86)/cypress/psoc creator/4.4/psoc creator/import/gnu/arm/5.4.1/bin/../lib/gcc/arm-none-eabi/5.4.1/armv6-m/crtbegin.o
 *(SORT(.fini_array.*))
                0x000064bc                __fini_array_end = .
                0x000064bc                . = ALIGN (0x4)
 *crtbegin.o(.ctors)
 *(EXCLUDE_FILE(*crtend.o) .ctors)
 *(SORT(.ctors.*))
 *crtend.o(.ctors)
                0x000064bc                . = ALIGN (0x4)
 *crtbegin.o(.dtors)
 *(EXCLUDE_FILE(*crtend.o) .dtors)
 *(SORT(.dtors.*))
 *crtend.o(.dtors)
                0x000064bc                . = ALIGN (0x4)
                0x000064bc                __cy_regions = .
                0x000064bc        0x4 LONG 0x64d0 __cy_region_init_ram
                0x000064c0        0x4 LONG 0x200000c0 __cy_region_start_data
                0x000064c4        0x4 LONG 0x90 __cy_region_init_size_ram
                0x000064c8        0x4 LONG 0x2a0 __cy_region_zero_size_ram
                0x000064cc                __cy_regions_end = .
                0x000064d0                . = ALIGN (0x8)
 *fill*         0x000064cc        0x4 
                0x000064d0                _etext = .

.cy_checksum_exclude
                0x000064d0        0x0
 *(.cy_checksum_exclude)

.ramvectors     0x20000000       0xc0
                0x20000000                __cy_region_start_ram = .
 *(.ramvectors)
 .ramvectors    0x20000000       0xc0 .\CortexM0\ARM_GCC_541\Debug\Cm0Start.o
                0x20000000                CyRamVectors

.noinit
 *(.noinit)

.data           0x200000c0       0x90 load address 0x000064d0
                0x200000c0                __cy_region_start_data = .
 *(.jcr)
 .jcr           0x200000c0        0x0 c:/program files (x86)/cypress/psoc creator/4.4/psoc creator/import/gnu/arm/5.4.1/bin/../lib/gcc/arm-none-eabi/5.4.1/armv6-m/crtbegin.o
 .jcr           0x200000c0        0x4 c:/program files (x86)/cypress/psoc creator/4.4/psoc creator/import/gnu/arm/5.4.1/bin/../lib/gcc/arm-none-eabi/5.4.1/armv6-m/crtend.o
 *(.got.plt)
 *(.got)
 *(.shdata)
 *(.data .data.* .gnu.linkonce.d.*)
 .data          0x200000c4        0x8 .\CortexM0\ARM_GCC_541\Debug\main.o
                0x200000c4                flSmoothFilter
                0x200000c8                flTempScalar
 .data          0x200000cc        0x4 .\CortexM0\ARM_GCC_541\Debug\isr.o
                0x200000cc                uiBlinkTimer
                0x200000ce                uiWDResetTimer
 .data          0x200000d0        0x4 .\CortexM0\ARM_GCC_541\Debug\Cm0Start.o
 .data          0x200000d4       0x14 .\CortexM0\ARM_GCC_541\Debug\Revelite_Batt_PSoC4.a(CyLib.o)
                0x200000d4                CySysClkPumpConfig
                0x200000d8                cydelay32kMs
                0x200000dc                cydelayFreqKhz
                0x200000e0                cydelayFreqMhz
                0x200000e4                cydelayFreqHz
 .data          0x200000e8        0x4 .\CortexM0\ARM_GCC_541\Debug\Revelite_Batt_PSoC4.a(CyLFClk.o)
 .data.impure_data
                0x200000ec       0x60 c:/program files (x86)/cypress/psoc creator/4.4/psoc creator/import/gnu/arm/5.4.1/bin/../lib/gcc/arm-none-eabi/5.4.1/../../../../arm-none-eabi/lib/armv6-m\libg_nano.a(lib_a-impure.o)
 .data._impure_ptr
                0x2000014c        0x4 c:/program files (x86)/cypress/psoc creator/4.4/psoc creator/import/gnu/arm/5.4.1/bin/../lib/gcc/arm-none-eabi/5.4.1/../../../../arm-none-eabi/lib/armv6-m\libg_nano.a(lib_a-impure.o)
                0x2000014c                _impure_ptr
                0x20000150                . = ALIGN (0x8)
 *(.ram)
                0x20000150                _edata = .

.igot.plt       0x20000150        0x0 load address 0x00006560
 .igot.plt      0x20000150        0x0 c:/program files (x86)/cypress/psoc creator/4.4/psoc creator/import/gnu/arm/5.4.1/bin/../lib/gcc/arm-none-eabi/5.4.1/armv6-m/crtbegin.o

.bss            0x20000150      0x2a0 load address 0x00006560
                0x20000150                PROVIDE (__bss_start__, .)
 *(.shbss)
 *(.bss .bss.* .gnu.linkonce.b.*)
 .bss           0x20000150       0x1c c:/program files (x86)/cypress/psoc creator/4.4/psoc creator/import/gnu/arm/5.4.1/bin/../lib/gcc/arm-none-eabi/5.4.1/armv6-m/crtbegin.o
 .bss           0x2000016c        0x4 .\CortexM0\ARM_GCC_541\Debug\main.o
                0x2000016c                byButtons
                0x2000016e                uiTemp
 .bss           0x20000170       0x85 .\CortexM0\ARM_GCC_541\Debug\subs.o
                0x200001f4                bWeHaveSampledTEMP
 *fill*         0x200001f5        0x3 
 .bss           0x200001f8       0x10 .\CortexM0\ARM_GCC_541\Debug\isr.o
                0x200001fc                uiPWMTarget1
                0x20000204                uiPWMTarget2
 .bss           0x20000208       0x44 .\CortexM0\ARM_GCC_541\Debug\CLI.o
 .bss           0x2000024c        0x3 .\CortexM0\ARM_GCC_541\Debug\buttons.o
 .bss           0x2000024f        0x1 .\CortexM0\ARM_GCC_541\Debug\Revelite_Batt_PSoC4.a(PWM_1.o)
                0x2000024f                PWM_1_initVar
 .bss           0x20000250        0x1 .\CortexM0\ARM_GCC_541\Debug\Revelite_Batt_PSoC4.a(PWM_2.o)
                0x20000250                PWM_2_initVar
 .bss           0x20000251        0x1 .\CortexM0\ARM_GCC_541\Debug\Revelite_Batt_PSoC4.a(ADC.o)
                0x20000251                ADC_initVar
 .bss           0x20000252        0x4 .\CortexM0\ARM_GCC_541\Debug\Revelite_Batt_PSoC4.a(UART.o)
                0x20000252                UART_initVar
                0x20000254                UART_IntrTxMask
 *fill*         0x20000256        0x2 
 .bss           0x20000258        0x8 .\CortexM0\ARM_GCC_541\Debug\Revelite_Batt_PSoC4.a(I2CM.o)
                0x20000258                I2CM_initVar
                0x2000025c                I2CM_customIntrHandler
 .bss           0x20000260        0x4 .\CortexM0\ARM_GCC_541\Debug\Revelite_Batt_PSoC4.a(CyFlash.o)
 .bss           0x20000264       0x20 .\CortexM0\ARM_GCC_541\Debug\Revelite_Batt_PSoC4.a(CyLFClk.o)
 .bss.__malloc_sbrk_start
                0x20000284        0x4 c:/program files (x86)/cypress/psoc creator/4.4/psoc creator/import/gnu/arm/5.4.1/bin/../lib/gcc/arm-none-eabi/5.4.1/../../../../arm-none-eabi/lib/armv6-m\libg_nano.a(lib_a-nano-mallocr.o)
                0x20000284                __malloc_sbrk_start
 .bss.__malloc_free_list
                0x20000288        0x4 c:/program files (x86)/cypress/psoc creator/4.4/psoc creator/import/gnu/arm/5.4.1/bin/../lib/gcc/arm-none-eabi/5.4.1/../../../../arm-none-eabi/lib/armv6-m\libg_nano.a(lib_a-nano-mallocr.o)
                0x20000288                __malloc_free_list
 *(COMMON)
 COMMON         0x2000028c       0x89 .\CortexM0\ARM_GCC_541\Debug\main.o
                0x2000028c                SWPRESSES
                0x2000028e                uiChargerStatus
                0x20000290                ButtonState
                0x20000295                byLatch1
                0x20000298                Info
                0x2000029f                bDataReady
                0x200002a0                flSample
                0x200002a4                result
                0x200002b0                byUARTBuffer
                0x20000314                byLatch2
 *fill*         0x20000315        0x3 
 COMMON         0x20000318       0x80 .\CortexM0\ARM_GCC_541\Debug\subs.o
                0x20000318                Info_Mem
 COMMON         0x20000398       0x10 .\CortexM0\ARM_GCC_541\Debug\isr.o
                0x20000398                uiWriteEEPROMTimer
                0x2000039c                uiButtonTimer
                0x200003a4                ulUARTTempOutputTimer
 COMMON         0x200003a8       0x1e .\CortexM0\ARM_GCC_541\Debug\Revelite_Batt_PSoC4.a(ADC.o)
                0x200003a8                ADC_countsPer10Volt
                0x200003bc                ADC_offset
 COMMON         0x200003c6        0x1 .\CortexM0\ARM_GCC_541\Debug\Revelite_Batt_PSoC4.a(I2CM_I2C.o)
                0x200003c6                I2CM_state
 *fill*         0x200003c7        0x1 
 COMMON         0x200003c8       0x24 .\CortexM0\ARM_GCC_541\Debug\Revelite_Batt_PSoC4.a(I2CM_I2C_MASTER.o)
                0x200003c8                I2CM_mstrRdBufPtr
                0x200003cc                I2CM_mstrWrBufPtr
                0x200003d0                I2CM_mstrRdBufIndex
                0x200003d4                I2CM_mstrStatus
                0x200003d8                I2CM_mstrWrBufIndex
                0x200003dc                I2CM_mstrControl
                0x200003e0                I2CM_mstrWrBufIndexTmp
                0x200003e4                I2CM_mstrRdBufSize
                0x200003e8                I2CM_mstrWrBufSize
 COMMON         0x200003ec        0x4 c:/program files (x86)/cypress/psoc creator/4.4/psoc creator/import/gnu/arm/5.4.1/bin/../lib/gcc/arm-none-eabi/5.4.1/../../../../arm-none-eabi/lib/armv6-m\libg_nano.a(lib_a-reent.o)
                0x200003ec                errno
                0x200003f0                . = ALIGN (0x8)
 *(.ram.b)
                0x200003f0                _end = .
                0x200003f0                __end = .
                0x200003f0                PROVIDE (end, .)
                0x200003f0                PROVIDE (__bss_end__, .)
                0x000064d0                __cy_region_init_ram = LOADADDR (.data)
                0x00000090                __cy_region_init_size_ram = (_edata - ADDR (.data))
                0x000002a0                __cy_region_zero_size_ram = (_end - _edata)

.heap           0x200003f0       0x80 load address 0x00006560
                0x200003f0                . = _end
                0x20000470                . = (. + 0x80)
 *fill*         0x200003f0       0x80 
                0x20000470                __cy_heap_limit = .

.stack          0x20000c00      0x400
                0x20000c00                __cy_stack_limit = .
                0x20001000                . = (. + 0x400)
 *fill*         0x20000c00      0x400 
                0x00000001                ASSERT ((__cy_stack_limit >= __cy_heap_limit), region RAM overflowed with stack)
                0x00000000                cy_checksum_exclude_size = (CY_APPL_LOADABLE == 0x1)?SIZEOF (.cy_checksum_exclude):0x0
                0x00000001                ASSERT ((cy_checksum_exclude_size <= CY_CHECKSUM_EXCLUDE_SIZE), CY_BOOT: Section .cy_checksum_exclude size exceedes specified limit.)
                0x00007fc0                cyloadermeta_start = (cy_project_type_bootloader || cy_project_type_app_for_stack_and_copier)?(LENGTH (rom) - CY_METADATA_SIZE):0xf0000000

.cyloadermeta
 *(.cyloadermeta)
                0x00007fc0                cyloadablemeta_start = cy_project_type_app_for_stack_and_copier?((LENGTH (rom) - CY_FLASH_ROW_SIZE) - CY_METADATA_SIZE):((LENGTH (rom) - (CY_FLASH_ROW_SIZE * (CY_APPL_NUM - 0x1))) - CY_METADATA_SIZE)

.cyloadablemeta
 *(.cyloadablemeta)

.cyflashprotect
                0x90400000       0x20
 *(.cyflashprotect)
 .cyflashprotect
                0x90400000       0x20 .\CortexM0\ARM_GCC_541\Debug\cymetadata.o
                0x90400000                cy_meta_flashprotect

.cymeta         0x90500000        0xc
 *(.cymeta)
 .cymeta        0x90500000        0xc .\CortexM0\ARM_GCC_541\Debug\cymetadata.o
                0x90500000                cy_metadata

.cychipprotect  0x90600000        0x1
 *(.cychipprotect)
 .cychipprotect
                0x90600000        0x1 .\CortexM0\ARM_GCC_541\Debug\cymetadata.o
                0x90600000                cy_meta_chipprotect

.rel.dyn        0x00006560        0x0 load address 0x90600004
 .rel.iplt      0x00006560        0x0 c:/program files (x86)/cypress/psoc creator/4.4/psoc creator/import/gnu/arm/5.4.1/bin/../lib/gcc/arm-none-eabi/5.4.1/armv6-m/crtbegin.o

.stab
 *(.stab)

.stabstr
 *(.stabstr)

.debug
 *(.debug)

.line
 *(.line)

.debug_srcinfo
 *(.debug_srcinfo)

.debug_sfnames
 *(.debug_sfnames)

.debug_aranges  0x00000000      0xde0
 *(.debug_aranges)
 .debug_aranges
                0x00000000       0x20 .\CortexM0\ARM_GCC_541\Debug\main.o
 .debug_aranges
                0x00000020       0x48 .\CortexM0\ARM_GCC_541\Debug\subs.o
 .debug_aranges
                0x00000068       0x30 .\CortexM0\ARM_GCC_541\Debug\isr.o
 .debug_aranges
                0x00000098       0x78 .\CortexM0\ARM_GCC_541\Debug\battery.o
 .debug_aranges
                0x00000110       0x90 .\CortexM0\ARM_GCC_541\Debug\LTC2944.o
 .debug_aranges
                0x000001a0       0x58 .\CortexM0\ARM_GCC_541\Debug\CLI.o
 .debug_aranges
                0x000001f8       0x20 .\CortexM0\ARM_GCC_541\Debug\buttons.o
 .debug_aranges
                0x00000218       0x48 .\CortexM0\ARM_GCC_541\Debug\cyfitter_cfg.o
 .debug_aranges
                0x00000260       0x18 .\CortexM0\ARM_GCC_541\Debug\cymetadata.o
 .debug_aranges
                0x00000278       0x48 .\CortexM0\ARM_GCC_541\Debug\Cm0Start.o
 .debug_aranges
                0x000002c0      0x158 .\CortexM0\ARM_GCC_541\Debug\Revelite_Batt_PSoC4.a(PWM_1.o)
 .debug_aranges
                0x00000418      0x158 .\CortexM0\ARM_GCC_541\Debug\Revelite_Batt_PSoC4.a(PWM_2.o)
 .debug_aranges
                0x00000570       0x80 .\CortexM0\ARM_GCC_541\Debug\Revelite_Batt_PSoC4.a(DIM_isr.o)
 .debug_aranges
                0x000005f0       0xa8 .\CortexM0\ARM_GCC_541\Debug\Revelite_Batt_PSoC4.a(ADC.o)
 .debug_aranges
                0x00000698       0x20 .\CortexM0\ARM_GCC_541\Debug\Revelite_Batt_PSoC4.a(ADC_INT.o)
 .debug_aranges
                0x000006b8       0x60 .\CortexM0\ARM_GCC_541\Debug\Revelite_Batt_PSoC4.a(UART.o)
 .debug_aranges
                0x00000718       0x60 .\CortexM0\ARM_GCC_541\Debug\Revelite_Batt_PSoC4.a(UART_SPI_UART.o)
 .debug_aranges
                0x00000778       0x68 .\CortexM0\ARM_GCC_541\Debug\Revelite_Batt_PSoC4.a(UART_UART.o)
 .debug_aranges
                0x000007e0       0x48 .\CortexM0\ARM_GCC_541\Debug\Revelite_Batt_PSoC4.a(ACTLED.o)
 .debug_aranges
                0x00000828       0x48 .\CortexM0\ARM_GCC_541\Debug\Revelite_Batt_PSoC4.a(ERRLED.o)
 .debug_aranges
                0x00000870       0x68 .\CortexM0\ARM_GCC_541\Debug\Revelite_Batt_PSoC4.a(I2CM.o)
 .debug_aranges
                0x000008d8       0x30 .\CortexM0\ARM_GCC_541\Debug\Revelite_Batt_PSoC4.a(I2CM_I2C.o)
 .debug_aranges
                0x00000908       0x98 .\CortexM0\ARM_GCC_541\Debug\Revelite_Batt_PSoC4.a(I2CM_I2C_MASTER.o)
 .debug_aranges
                0x000009a0       0x80 .\CortexM0\ARM_GCC_541\Debug\Revelite_Batt_PSoC4.a(ADC_IRQ.o)
 .debug_aranges
                0x00000a20       0x48 .\CortexM0\ARM_GCC_541\Debug\Revelite_Batt_PSoC4.a(I2CM_sda.o)
 .debug_aranges
                0x00000a68       0x48 .\CortexM0\ARM_GCC_541\Debug\Revelite_Batt_PSoC4.a(I2CM_scl.o)
 .debug_aranges
                0x00000ab0       0x38 .\CortexM0\ARM_GCC_541\Debug\Revelite_Batt_PSoC4.a(CyFlash.o)
 .debug_aranges
                0x00000ae8      0x180 .\CortexM0\ARM_GCC_541\Debug\Revelite_Batt_PSoC4.a(CyLib.o)
 .debug_aranges
                0x00000c68      0x138 .\CortexM0\ARM_GCC_541\Debug\Revelite_Batt_PSoC4.a(CyLFClk.o)
 .debug_aranges
                0x00000da0       0x20 .\CortexM0\ARM_GCC_541\Debug\Revelite_Batt_PSoC4.a(CyBootAsmGnu.o)
 .debug_aranges
                0x00000dc0       0x20 .\CortexM0\ARM_GCC_541\Debug\Revelite_Batt_PSoC4.a(I2CM_I2C_INT.o)

.debug_pubnames
 *(.debug_pubnames)

.debug_info     0x00000000     0x9594
 *(.debug_info .gnu.linkonce.wi.*)
 .debug_info    0x00000000      0xa30 .\CortexM0\ARM_GCC_541\Debug\main.o
 .debug_info    0x00000a30      0x639 .\CortexM0\ARM_GCC_541\Debug\subs.o
 .debug_info    0x00001069      0x361 .\CortexM0\ARM_GCC_541\Debug\isr.o
 .debug_info    0x000013ca      0x82b .\CortexM0\ARM_GCC_541\Debug\battery.o
 .debug_info    0x00001bf5      0x7fa .\CortexM0\ARM_GCC_541\Debug\LTC2944.o
 .debug_info    0x000023ef      0xedc .\CortexM0\ARM_GCC_541\Debug\CLI.o
 .debug_info    0x000032cb      0x264 .\CortexM0\ARM_GCC_541\Debug\buttons.o
 .debug_info    0x0000352f      0x405 .\CortexM0\ARM_GCC_541\Debug\cyfitter_cfg.o
 .debug_info    0x00003934       0xf8 .\CortexM0\ARM_GCC_541\Debug\cymetadata.o
 .debug_info    0x00003a2c      0x3a2 .\CortexM0\ARM_GCC_541\Debug\Cm0Start.o
 .debug_info    0x00003dce      0x92f .\CortexM0\ARM_GCC_541\Debug\Revelite_Batt_PSoC4.a(PWM_1.o)
 .debug_info    0x000046fd      0x92f .\CortexM0\ARM_GCC_541\Debug\Revelite_Batt_PSoC4.a(PWM_2.o)
 .debug_info    0x0000502c      0x305 .\CortexM0\ARM_GCC_541\Debug\Revelite_Batt_PSoC4.a(DIM_isr.o)
 .debug_info    0x00005331      0x5a5 .\CortexM0\ARM_GCC_541\Debug\Revelite_Batt_PSoC4.a(ADC.o)
 .debug_info    0x000058d6       0xcb .\CortexM0\ARM_GCC_541\Debug\Revelite_Batt_PSoC4.a(ADC_INT.o)
 .debug_info    0x000059a1      0x24c .\CortexM0\ARM_GCC_541\Debug\Revelite_Batt_PSoC4.a(UART.o)
 .debug_info    0x00005bed      0x220 .\CortexM0\ARM_GCC_541\Debug\Revelite_Batt_PSoC4.a(UART_SPI_UART.o)
 .debug_info    0x00005e0d      0x310 .\CortexM0\ARM_GCC_541\Debug\Revelite_Batt_PSoC4.a(UART_UART.o)
 .debug_info    0x0000611d      0x19d .\CortexM0\ARM_GCC_541\Debug\Revelite_Batt_PSoC4.a(ACTLED.o)
 .debug_info    0x000062ba      0x19d .\CortexM0\ARM_GCC_541\Debug\Revelite_Batt_PSoC4.a(ERRLED.o)
 .debug_info    0x00006457      0x2aa .\CortexM0\ARM_GCC_541\Debug\Revelite_Batt_PSoC4.a(I2CM.o)
 .debug_info    0x00006701      0x195 .\CortexM0\ARM_GCC_541\Debug\Revelite_Batt_PSoC4.a(I2CM_I2C.o)
 .debug_info    0x00006896      0x91d .\CortexM0\ARM_GCC_541\Debug\Revelite_Batt_PSoC4.a(I2CM_I2C_MASTER.o)
 .debug_info    0x000071b3      0x305 .\CortexM0\ARM_GCC_541\Debug\Revelite_Batt_PSoC4.a(ADC_IRQ.o)
 .debug_info    0x000074b8      0x19d .\CortexM0\ARM_GCC_541\Debug\Revelite_Batt_PSoC4.a(I2CM_sda.o)
 .debug_info    0x00007655      0x19b .\CortexM0\ARM_GCC_541\Debug\Revelite_Batt_PSoC4.a(I2CM_scl.o)
 .debug_info    0x000077f0      0x33d .\CortexM0\ARM_GCC_541\Debug\Revelite_Batt_PSoC4.a(CyFlash.o)
 .debug_info    0x00007b2d      0xaed .\CortexM0\ARM_GCC_541\Debug\Revelite_Batt_PSoC4.a(CyLib.o)
 .debug_info    0x0000861a      0xcfe .\CortexM0\ARM_GCC_541\Debug\Revelite_Batt_PSoC4.a(CyLFClk.o)
 .debug_info    0x00009318       0xd4 .\CortexM0\ARM_GCC_541\Debug\Revelite_Batt_PSoC4.a(CyBootAsmGnu.o)
 .debug_info    0x000093ec      0x1a8 .\CortexM0\ARM_GCC_541\Debug\Revelite_Batt_PSoC4.a(I2CM_I2C_INT.o)

.debug_abbrev   0x00000000     0x26d3
 *(.debug_abbrev)
 .debug_abbrev  0x00000000      0x221 .\CortexM0\ARM_GCC_541\Debug\main.o
 .debug_abbrev  0x00000221      0x1ea .\CortexM0\ARM_GCC_541\Debug\subs.o
 .debug_abbrev  0x0000040b      0x145 .\CortexM0\ARM_GCC_541\Debug\isr.o
 .debug_abbrev  0x00000550      0x141 .\CortexM0\ARM_GCC_541\Debug\battery.o
 .debug_abbrev  0x00000691      0x191 .\CortexM0\ARM_GCC_541\Debug\LTC2944.o
 .debug_abbrev  0x00000822      0x1d0 .\CortexM0\ARM_GCC_541\Debug\CLI.o
 .debug_abbrev  0x000009f2      0x12f .\CortexM0\ARM_GCC_541\Debug\buttons.o
 .debug_abbrev  0x00000b21      0x1cf .\CortexM0\ARM_GCC_541\Debug\cyfitter_cfg.o
 .debug_abbrev  0x00000cf0       0x5d .\CortexM0\ARM_GCC_541\Debug\cymetadata.o
 .debug_abbrev  0x00000d4d      0x1d7 .\CortexM0\ARM_GCC_541\Debug\Cm0Start.o
 .debug_abbrev  0x00000f24      0x119 .\CortexM0\ARM_GCC_541\Debug\Revelite_Batt_PSoC4.a(PWM_1.o)
 .debug_abbrev  0x0000103d      0x119 .\CortexM0\ARM_GCC_541\Debug\Revelite_Batt_PSoC4.a(PWM_2.o)
 .debug_abbrev  0x00001156      0x19a .\CortexM0\ARM_GCC_541\Debug\Revelite_Batt_PSoC4.a(DIM_isr.o)
 .debug_abbrev  0x000012f0      0x184 .\CortexM0\ARM_GCC_541\Debug\Revelite_Batt_PSoC4.a(ADC.o)
 .debug_abbrev  0x00001474       0x65 .\CortexM0\ARM_GCC_541\Debug\Revelite_Batt_PSoC4.a(ADC_INT.o)
 .debug_abbrev  0x000014d9       0xed .\CortexM0\ARM_GCC_541\Debug\Revelite_Batt_PSoC4.a(UART.o)
 .debug_abbrev  0x000015c6      0x14f .\CortexM0\ARM_GCC_541\Debug\Revelite_Batt_PSoC4.a(UART_SPI_UART.o)
 .debug_abbrev  0x00001715      0x123 .\CortexM0\ARM_GCC_541\Debug\Revelite_Batt_PSoC4.a(UART_UART.o)
 .debug_abbrev  0x00001838       0xc8 .\CortexM0\ARM_GCC_541\Debug\Revelite_Batt_PSoC4.a(ACTLED.o)
 .debug_abbrev  0x00001900       0xc8 .\CortexM0\ARM_GCC_541\Debug\Revelite_Batt_PSoC4.a(ERRLED.o)
 .debug_abbrev  0x000019c8      0x130 .\CortexM0\ARM_GCC_541\Debug\Revelite_Batt_PSoC4.a(I2CM.o)
 .debug_abbrev  0x00001af8       0xc7 .\CortexM0\ARM_GCC_541\Debug\Revelite_Batt_PSoC4.a(I2CM_I2C.o)
 .debug_abbrev  0x00001bbf      0x1b3 .\CortexM0\ARM_GCC_541\Debug\Revelite_Batt_PSoC4.a(I2CM_I2C_MASTER.o)
 .debug_abbrev  0x00001d72      0x19a .\CortexM0\ARM_GCC_541\Debug\Revelite_Batt_PSoC4.a(ADC_IRQ.o)
 .debug_abbrev  0x00001f0c       0xc8 .\CortexM0\ARM_GCC_541\Debug\Revelite_Batt_PSoC4.a(I2CM_sda.o)
 .debug_abbrev  0x00001fd4       0xc8 .\CortexM0\ARM_GCC_541\Debug\Revelite_Batt_PSoC4.a(I2CM_scl.o)
 .debug_abbrev  0x0000209c      0x19c .\CortexM0\ARM_GCC_541\Debug\Revelite_Batt_PSoC4.a(CyFlash.o)
 .debug_abbrev  0x00002238      0x1d3 .\CortexM0\ARM_GCC_541\Debug\Revelite_Batt_PSoC4.a(CyLib.o)
 .debug_abbrev  0x0000240b      0x210 .\CortexM0\ARM_GCC_541\Debug\Revelite_Batt_PSoC4.a(CyLFClk.o)
 .debug_abbrev  0x0000261b       0x14 .\CortexM0\ARM_GCC_541\Debug\Revelite_Batt_PSoC4.a(CyBootAsmGnu.o)
 .debug_abbrev  0x0000262f       0xa4 .\CortexM0\ARM_GCC_541\Debug\Revelite_Batt_PSoC4.a(I2CM_I2C_INT.o)

.debug_line     0x00000000     0x3810
 *(.debug_line)
 .debug_line    0x00000000      0x298 .\CortexM0\ARM_GCC_541\Debug\main.o
 .debug_line    0x00000298      0x133 .\CortexM0\ARM_GCC_541\Debug\subs.o
 .debug_line    0x000003cb       0xeb .\CortexM0\ARM_GCC_541\Debug\isr.o
 .debug_line    0x000004b6      0x29e .\CortexM0\ARM_GCC_541\Debug\battery.o
 .debug_line    0x00000754      0x2b6 .\CortexM0\ARM_GCC_541\Debug\LTC2944.o
 .debug_line    0x00000a0a      0x395 .\CortexM0\ARM_GCC_541\Debug\CLI.o
 .debug_line    0x00000d9f       0xad .\CortexM0\ARM_GCC_541\Debug\buttons.o
 .debug_line    0x00000e4c      0x1a2 .\CortexM0\ARM_GCC_541\Debug\cyfitter_cfg.o
 .debug_line    0x00000fee      0x141 .\CortexM0\ARM_GCC_541\Debug\cymetadata.o
 .debug_line    0x0000112f      0x235 .\CortexM0\ARM_GCC_541\Debug\Cm0Start.o
 .debug_line    0x00001364      0x380 .\CortexM0\ARM_GCC_541\Debug\Revelite_Batt_PSoC4.a(PWM_1.o)
 .debug_line    0x000016e4      0x380 .\CortexM0\ARM_GCC_541\Debug\Revelite_Batt_PSoC4.a(PWM_2.o)
 .debug_line    0x00001a64      0x153 .\CortexM0\ARM_GCC_541\Debug\Revelite_Batt_PSoC4.a(DIM_isr.o)
 .debug_line    0x00001bb7      0x297 .\CortexM0\ARM_GCC_541\Debug\Revelite_Batt_PSoC4.a(ADC.o)
 .debug_line    0x00001e4e       0x62 .\CortexM0\ARM_GCC_541\Debug\Revelite_Batt_PSoC4.a(ADC_INT.o)
 .debug_line    0x00001eb0      0x127 .\CortexM0\ARM_GCC_541\Debug\Revelite_Batt_PSoC4.a(UART.o)
 .debug_line    0x00001fd7      0x11a .\CortexM0\ARM_GCC_541\Debug\Revelite_Batt_PSoC4.a(UART_SPI_UART.o)
 .debug_line    0x000020f1      0x16d .\CortexM0\ARM_GCC_541\Debug\Revelite_Batt_PSoC4.a(UART_UART.o)
 .debug_line    0x0000225e       0xbe .\CortexM0\ARM_GCC_541\Debug\Revelite_Batt_PSoC4.a(ACTLED.o)
 .debug_line    0x0000231c       0xbe .\CortexM0\ARM_GCC_541\Debug\Revelite_Batt_PSoC4.a(ERRLED.o)
 .debug_line    0x000023da      0x145 .\CortexM0\ARM_GCC_541\Debug\Revelite_Batt_PSoC4.a(I2CM.o)
 .debug_line    0x0000251f       0xc5 .\CortexM0\ARM_GCC_541\Debug\Revelite_Batt_PSoC4.a(I2CM_I2C.o)
 .debug_line    0x000025e4      0x33d .\CortexM0\ARM_GCC_541\Debug\Revelite_Batt_PSoC4.a(I2CM_I2C_MASTER.o)
 .debug_line    0x00002921      0x153 .\CortexM0\ARM_GCC_541\Debug\Revelite_Batt_PSoC4.a(ADC_IRQ.o)
 .debug_line    0x00002a74       0xc0 .\CortexM0\ARM_GCC_541\Debug\Revelite_Batt_PSoC4.a(I2CM_sda.o)
 .debug_line    0x00002b34       0xbf .\CortexM0\ARM_GCC_541\Debug\Revelite_Batt_PSoC4.a(I2CM_scl.o)
 .debug_line    0x00002bf3      0x18c .\CortexM0\ARM_GCC_541\Debug\Revelite_Batt_PSoC4.a(CyFlash.o)
 .debug_line    0x00002d7f      0x460 .\CortexM0\ARM_GCC_541\Debug\Revelite_Batt_PSoC4.a(CyLib.o)
 .debug_line    0x000031df      0x466 .\CortexM0\ARM_GCC_541\Debug\Revelite_Batt_PSoC4.a(CyLFClk.o)
 .debug_line    0x00003645       0x69 .\CortexM0\ARM_GCC_541\Debug\Revelite_Batt_PSoC4.a(CyBootAsmGnu.o)
 .debug_line    0x000036ae      0x162 .\CortexM0\ARM_GCC_541\Debug\Revelite_Batt_PSoC4.a(I2CM_I2C_INT.o)

.debug_frame    0x00000000     0x2ab8
 *(.debug_frame)
 .debug_frame   0x00000000       0x30 .\CortexM0\ARM_GCC_541\Debug\main.o
 .debug_frame   0x00000030       0xc8 .\CortexM0\ARM_GCC_541\Debug\subs.o
 .debug_frame   0x000000f8       0x68 .\CortexM0\ARM_GCC_541\Debug\isr.o
 .debug_frame   0x00000160      0x168 .\CortexM0\ARM_GCC_541\Debug\battery.o
 .debug_frame   0x000002c8      0x1bc .\CortexM0\ARM_GCC_541\Debug\LTC2944.o
 .debug_frame   0x00000484      0x110 .\CortexM0\ARM_GCC_541\Debug\CLI.o
 .debug_frame   0x00000594       0x34 .\CortexM0\ARM_GCC_541\Debug\buttons.o
 .debug_frame   0x000005c8       0xb8 .\CortexM0\ARM_GCC_541\Debug\cyfitter_cfg.o
 .debug_frame   0x00000680       0xbc .\CortexM0\ARM_GCC_541\Debug\Cm0Start.o
 .debug_frame   0x0000073c      0x3a0 .\CortexM0\ARM_GCC_541\Debug\Revelite_Batt_PSoC4.a(PWM_1.o)
 .debug_frame   0x00000adc      0x3a0 .\CortexM0\ARM_GCC_541\Debug\Revelite_Batt_PSoC4.a(PWM_2.o)
 .debug_frame   0x00000e7c      0x110 .\CortexM0\ARM_GCC_541\Debug\Revelite_Batt_PSoC4.a(DIM_isr.o)
 .debug_frame   0x00000f8c      0x1b0 .\CortexM0\ARM_GCC_541\Debug\Revelite_Batt_PSoC4.a(ADC.o)
 .debug_frame   0x0000113c       0x20 .\CortexM0\ARM_GCC_541\Debug\Revelite_Batt_PSoC4.a(ADC_INT.o)
 .debug_frame   0x0000115c       0xe8 .\CortexM0\ARM_GCC_541\Debug\Revelite_Batt_PSoC4.a(UART.o)
 .debug_frame   0x00001244       0xb0 .\CortexM0\ARM_GCC_541\Debug\Revelite_Batt_PSoC4.a(UART_SPI_UART.o)
 .debug_frame   0x000012f4       0xf4 .\CortexM0\ARM_GCC_541\Debug\Revelite_Batt_PSoC4.a(UART_UART.o)
 .debug_frame   0x000013e8       0x70 .\CortexM0\ARM_GCC_541\Debug\Revelite_Batt_PSoC4.a(ACTLED.o)
 .debug_frame   0x00001458       0x70 .\CortexM0\ARM_GCC_541\Debug\Revelite_Batt_PSoC4.a(ERRLED.o)
 .debug_frame   0x000014c8       0xf8 .\CortexM0\ARM_GCC_541\Debug\Revelite_Batt_PSoC4.a(I2CM.o)
 .debug_frame   0x000015c0       0x58 .\CortexM0\ARM_GCC_541\Debug\Revelite_Batt_PSoC4.a(I2CM_I2C.o)
 .debug_frame   0x00001618      0x1e8 .\CortexM0\ARM_GCC_541\Debug\Revelite_Batt_PSoC4.a(I2CM_I2C_MASTER.o)
 .debug_frame   0x00001800      0x110 .\CortexM0\ARM_GCC_541\Debug\Revelite_Batt_PSoC4.a(ADC_IRQ.o)
 .debug_frame   0x00001910       0x70 .\CortexM0\ARM_GCC_541\Debug\Revelite_Batt_PSoC4.a(I2CM_sda.o)
 .debug_frame   0x00001980       0x70 .\CortexM0\ARM_GCC_541\Debug\Revelite_Batt_PSoC4.a(I2CM_scl.o)
 .debug_frame   0x000019f0       0x78 .\CortexM0\ARM_GCC_541\Debug\Revelite_Batt_PSoC4.a(CyFlash.o)
 .debug_frame   0x00001a68      0x3e0 .\CortexM0\ARM_GCC_541\Debug\Revelite_Batt_PSoC4.a(CyLib.o)
 .debug_frame   0x00001e48      0x3a8 .\CortexM0\ARM_GCC_541\Debug\Revelite_Batt_PSoC4.a(CyLFClk.o)
 .debug_frame   0x000021f0       0x2c .\CortexM0\ARM_GCC_541\Debug\Revelite_Batt_PSoC4.a(I2CM_I2C_INT.o)
 .debug_frame   0x0000221c       0x20 c:/program files (x86)/cypress/psoc creator/4.4/psoc creator/import/gnu/arm/5.4.1/bin/../lib/gcc/arm-none-eabi/5.4.1/armv6-m\libgcc.a(_udivsi3.o)
 .debug_frame   0x0000223c       0x20 c:/program files (x86)/cypress/psoc creator/4.4/psoc creator/import/gnu/arm/5.4.1/bin/../lib/gcc/arm-none-eabi/5.4.1/armv6-m\libgcc.a(_divsi3.o)
 .debug_frame   0x0000225c       0x34 c:/program files (x86)/cypress/psoc creator/4.4/psoc creator/import/gnu/arm/5.4.1/bin/../lib/gcc/arm-none-eabi/5.4.1/armv6-m\libgcc.a(_muldi3.o)
 .debug_frame   0x00002290       0x28 c:/program files (x86)/cypress/psoc creator/4.4/psoc creator/import/gnu/arm/5.4.1/bin/../lib/gcc/arm-none-eabi/5.4.1/armv6-m\libgcc.a(_fixunssfsi.o)
 .debug_frame   0x000022b8       0x2c c:/program files (x86)/cypress/psoc creator/4.4/psoc creator/import/gnu/arm/5.4.1/bin/../lib/gcc/arm-none-eabi/5.4.1/armv6-m\libgcc.a(_fixunsdfsi.o)
 .debug_frame   0x000022e4       0x30 c:/program files (x86)/cypress/psoc creator/4.4/psoc creator/import/gnu/arm/5.4.1/bin/../lib/gcc/arm-none-eabi/5.4.1/armv6-m\libgcc.a(bpabi.o)
 .debug_frame   0x00002314       0x30 c:/program files (x86)/cypress/psoc creator/4.4/psoc creator/import/gnu/arm/5.4.1/bin/../lib/gcc/arm-none-eabi/5.4.1/armv6-m\libgcc.a(addsf3.o)
 .debug_frame   0x00002344       0x3c c:/program files (x86)/cypress/psoc creator/4.4/psoc creator/import/gnu/arm/5.4.1/bin/../lib/gcc/arm-none-eabi/5.4.1/armv6-m\libgcc.a(divsf3.o)
 .debug_frame   0x00002380       0x2c c:/program files (x86)/cypress/psoc creator/4.4/psoc creator/import/gnu/arm/5.4.1/bin/../lib/gcc/arm-none-eabi/5.4.1/armv6-m\libgcc.a(eqsf2.o)
 .debug_frame   0x000023ac       0x30 c:/program files (x86)/cypress/psoc creator/4.4/psoc creator/import/gnu/arm/5.4.1/bin/../lib/gcc/arm-none-eabi/5.4.1/armv6-m\libgcc.a(gesf2.o)
 .debug_frame   0x000023dc       0x30 c:/program files (x86)/cypress/psoc creator/4.4/psoc creator/import/gnu/arm/5.4.1/bin/../lib/gcc/arm-none-eabi/5.4.1/armv6-m\libgcc.a(lesf2.o)
 .debug_frame   0x0000240c       0x38 c:/program files (x86)/cypress/psoc creator/4.4/psoc creator/import/gnu/arm/5.4.1/bin/../lib/gcc/arm-none-eabi/5.4.1/armv6-m\libgcc.a(mulsf3.o)
 .debug_frame   0x00002444       0x30 c:/program files (x86)/cypress/psoc creator/4.4/psoc creator/import/gnu/arm/5.4.1/bin/../lib/gcc/arm-none-eabi/5.4.1/armv6-m\libgcc.a(subsf3.o)
 .debug_frame   0x00002474       0x20 c:/program files (x86)/cypress/psoc creator/4.4/psoc creator/import/gnu/arm/5.4.1/bin/../lib/gcc/arm-none-eabi/5.4.1/armv6-m\libgcc.a(unordsf2.o)
 .debug_frame   0x00002494       0x20 c:/program files (x86)/cypress/psoc creator/4.4/psoc creator/import/gnu/arm/5.4.1/bin/../lib/gcc/arm-none-eabi/5.4.1/armv6-m\libgcc.a(fixsfsi.o)
 .debug_frame   0x000024b4       0x2c c:/program files (x86)/cypress/psoc creator/4.4/psoc creator/import/gnu/arm/5.4.1/bin/../lib/gcc/arm-none-eabi/5.4.1/armv6-m\libgcc.a(floatsisf.o)
 .debug_frame   0x000024e0       0x2c c:/program files (x86)/cypress/psoc creator/4.4/psoc creator/import/gnu/arm/5.4.1/bin/../lib/gcc/arm-none-eabi/5.4.1/armv6-m\libgcc.a(floatunsisf.o)
 .debug_frame   0x0000250c       0x3c c:/program files (x86)/cypress/psoc creator/4.4/psoc creator/import/gnu/arm/5.4.1/bin/../lib/gcc/arm-none-eabi/5.4.1/armv6-m\libgcc.a(divdf3.o)
 .debug_frame   0x00002548       0x3c c:/program files (x86)/cypress/psoc creator/4.4/psoc creator/import/gnu/arm/5.4.1/bin/../lib/gcc/arm-none-eabi/5.4.1/armv6-m\libgcc.a(muldf3.o)
 .debug_frame   0x00002584       0x38 c:/program files (x86)/cypress/psoc creator/4.4/psoc creator/import/gnu/arm/5.4.1/bin/../lib/gcc/arm-none-eabi/5.4.1/armv6-m\libgcc.a(subdf3.o)
 .debug_frame   0x000025bc       0x2c c:/program files (x86)/cypress/psoc creator/4.4/psoc creator/import/gnu/arm/5.4.1/bin/../lib/gcc/arm-none-eabi/5.4.1/armv6-m\libgcc.a(fixdfsi.o)
 .debug_frame   0x000025e8       0x2c c:/program files (x86)/cypress/psoc creator/4.4/psoc creator/import/gnu/arm/5.4.1/bin/../lib/gcc/arm-none-eabi/5.4.1/armv6-m\libgcc.a(floatsidf.o)
 .debug_frame   0x00002614       0x2c c:/program files (x86)/cypress/psoc creator/4.4/psoc creator/import/gnu/arm/5.4.1/bin/../lib/gcc/arm-none-eabi/5.4.1/armv6-m\libgcc.a(extendsfdf2.o)
 .debug_frame   0x00002640       0x2c c:/program files (x86)/cypress/psoc creator/4.4/psoc creator/import/gnu/arm/5.4.1/bin/../lib/gcc/arm-none-eabi/5.4.1/armv6-m\libgcc.a(truncdfsf2.o)
 .debug_frame   0x0000266c       0x3c c:/program files (x86)/cypress/psoc creator/4.4/psoc creator/import/gnu/arm/5.4.1/bin/../lib/gcc/arm-none-eabi/5.4.1/armv6-m\libgcc.a(_divdi3.o)
 .debug_frame   0x000026a8       0x38 c:/program files (x86)/cypress/psoc creator/4.4/psoc creator/import/gnu/arm/5.4.1/bin/../lib/gcc/arm-none-eabi/5.4.1/armv6-m\libgcc.a(eqdf2.o)
 .debug_frame   0x000026e0       0x38 c:/program files (x86)/cypress/psoc creator/4.4/psoc creator/import/gnu/arm/5.4.1/bin/../lib/gcc/arm-none-eabi/5.4.1/armv6-m\libgcc.a(gedf2.o)
 .debug_frame   0x00002718       0x38 c:/program files (x86)/cypress/psoc creator/4.4/psoc creator/import/gnu/arm/5.4.1/bin/../lib/gcc/arm-none-eabi/5.4.1/armv6-m\libgcc.a(ledf2.o)
 .debug_frame   0x00002750       0x20 c:/program files (x86)/cypress/psoc creator/4.4/psoc creator/import/gnu/arm/5.4.1/bin/../lib/gcc/arm-none-eabi/5.4.1/../../../../arm-none-eabi/lib/armv6-m\libg_nano.a(lib_a-errno.o)
 .debug_frame   0x00002770       0x28 c:/program files (x86)/cypress/psoc creator/4.4/psoc creator/import/gnu/arm/5.4.1/bin/../lib/gcc/arm-none-eabi/5.4.1/../../../../arm-none-eabi/lib/armv6-m\libg_nano.a(lib_a-exit.o)
 .debug_frame   0x00002798       0x2c c:/program files (x86)/cypress/psoc creator/4.4/psoc creator/import/gnu/arm/5.4.1/bin/../lib/gcc/arm-none-eabi/5.4.1/../../../../arm-none-eabi/lib/armv6-m\libg_nano.a(lib_a-init.o)
 .debug_frame   0x000027c4       0x28 c:/program files (x86)/cypress/psoc creator/4.4/psoc creator/import/gnu/arm/5.4.1/bin/../lib/gcc/arm-none-eabi/5.4.1/../../../../arm-none-eabi/lib/armv6-m\libg_nano.a(lib_a-memcpy-stub.o)
 .debug_frame   0x000027ec       0x20 c:/program files (x86)/cypress/psoc creator/4.4/psoc creator/import/gnu/arm/5.4.1/bin/../lib/gcc/arm-none-eabi/5.4.1/../../../../arm-none-eabi/lib/armv6-m\libg_nano.a(lib_a-memset.o)
 .debug_frame   0x0000280c       0x50 c:/program files (x86)/cypress/psoc creator/4.4/psoc creator/import/gnu/arm/5.4.1/bin/../lib/gcc/arm-none-eabi/5.4.1/../../../../arm-none-eabi/lib/armv6-m\libg_nano.a(lib_a-sprintf.o)
 .debug_frame   0x0000285c       0x74 c:/program files (x86)/cypress/psoc creator/4.4/psoc creator/import/gnu/arm/5.4.1/bin/../lib/gcc/arm-none-eabi/5.4.1/../../../../arm-none-eabi/lib/armv6-m\libg_nano.a(lib_a-nano-svfprintf.o)
 .debug_frame   0x000028d0       0x54 c:/program files (x86)/cypress/psoc creator/4.4/psoc creator/import/gnu/arm/5.4.1/bin/../lib/gcc/arm-none-eabi/5.4.1/../../../../arm-none-eabi/lib/armv6-m\libg_nano.a(lib_a-nano-vfprintf_i.o)
 .debug_frame   0x00002924       0x20 c:/program files (x86)/cypress/psoc creator/4.4/psoc creator/import/gnu/arm/5.4.1/bin/../lib/gcc/arm-none-eabi/5.4.1/../../../../arm-none-eabi/lib/armv6-m\libg_nano.a(lib_a-memchr-stub.o)
 .debug_frame   0x00002944       0x28 c:/program files (x86)/cypress/psoc creator/4.4/psoc creator/import/gnu/arm/5.4.1/bin/../lib/gcc/arm-none-eabi/5.4.1/../../../../arm-none-eabi/lib/armv6-m\libg_nano.a(lib_a-memmove.o)
 .debug_frame   0x0000296c       0x2c c:/program files (x86)/cypress/psoc creator/4.4/psoc creator/import/gnu/arm/5.4.1/bin/../lib/gcc/arm-none-eabi/5.4.1/../../../../arm-none-eabi/lib/armv6-m\libg_nano.a(lib_a-nano-freer.o)
 .debug_frame   0x00002998       0x2c c:/program files (x86)/cypress/psoc creator/4.4/psoc creator/import/gnu/arm/5.4.1/bin/../lib/gcc/arm-none-eabi/5.4.1/../../../../arm-none-eabi/lib/armv6-m\libg_nano.a(lib_a-nano-mallocr.o)
 .debug_frame   0x000029c4       0x30 c:/program files (x86)/cypress/psoc creator/4.4/psoc creator/import/gnu/arm/5.4.1/bin/../lib/gcc/arm-none-eabi/5.4.1/../../../../arm-none-eabi/lib/armv6-m\libg_nano.a(lib_a-nano-reallocr.o)
 .debug_frame   0x000029f4       0x2c c:/program files (x86)/cypress/psoc creator/4.4/psoc creator/import/gnu/arm/5.4.1/bin/../lib/gcc/arm-none-eabi/5.4.1/../../../../arm-none-eabi/lib/armv6-m\libg_nano.a(lib_a-sbrkr.o)
 .debug_frame   0x00002a20       0x30 c:/program files (x86)/cypress/psoc creator/4.4/psoc creator/import/gnu/arm/5.4.1/bin/../lib/gcc/arm-none-eabi/5.4.1/../../../../arm-none-eabi/lib/armv6-m\libg_nano.a(lib_a-mlock.o)
 .debug_frame   0x00002a50       0x20 c:/program files (x86)/cypress/psoc creator/4.4/psoc creator/import/gnu/arm/5.4.1/bin/../lib/gcc/arm-none-eabi/5.4.1/../../../../arm-none-eabi/lib/armv6-m\libg_nano.a(lib_a-nano-msizer.o)
 .debug_frame   0x00002a70       0x48 c:/program files (x86)/cypress/psoc creator/4.4/psoc creator/import/gnu/arm/5.4.1/bin/../lib/gcc/arm-none-eabi/5.4.1/../../../../arm-none-eabi/lib/armv6-m\libg_nano.a(lib_a-reent.o)

.debug_str      0x00000000     0x305f
 *(.debug_str)
 .debug_str     0x00000000      0x684 .\CortexM0\ARM_GCC_541\Debug\main.o
                                0x6fc (size before relaxing)
 .debug_str     0x00000684      0x15a .\CortexM0\ARM_GCC_541\Debug\subs.o
                                0x3c1 (size before relaxing)
 .debug_str     0x000007de       0xe7 .\CortexM0\ARM_GCC_541\Debug\isr.o
                                0x369 (size before relaxing)
 .debug_str     0x000008c5      0x1fd .\CortexM0\ARM_GCC_541\Debug\battery.o
                                0x484 (size before relaxing)
 .debug_str     0x00000ac2      0x23d .\CortexM0\ARM_GCC_541\Debug\LTC2944.o
                                0x4eb (size before relaxing)
 .debug_str     0x00000cff      0x159 .\CortexM0\ARM_GCC_541\Debug\CLI.o
                                0x525 (size before relaxing)
 .debug_str     0x00000e58       0x91 .\CortexM0\ARM_GCC_541\Debug\buttons.o
                                0x30f (size before relaxing)
 .debug_str     0x00000ee9      0x1b7 .\CortexM0\ARM_GCC_541\Debug\cyfitter_cfg.o
                                0x341 (size before relaxing)
 .debug_str     0x000010a0       0x59 .\CortexM0\ARM_GCC_541\Debug\cymetadata.o
                                0x20c (size before relaxing)
 .debug_str     0x000010f9      0x13a .\CortexM0\ARM_GCC_541\Debug\Cm0Start.o
                                0x345 (size before relaxing)
 .debug_str     0x00001233      0x3b7 .\CortexM0\ARM_GCC_541\Debug\Revelite_Batt_PSoC4.a(PWM_1.o)
                                0x5f5 (size before relaxing)
 .debug_str     0x000015ea      0x2e0 .\CortexM0\ARM_GCC_541\Debug\Revelite_Batt_PSoC4.a(PWM_2.o)
                                0x5f5 (size before relaxing)
 .debug_str     0x000018ca      0x110 .\CortexM0\ARM_GCC_541\Debug\Revelite_Batt_PSoC4.a(DIM_isr.o)
                                0x34a (size before relaxing)
 .debug_str     0x000019da      0x1bd .\CortexM0\ARM_GCC_541\Debug\Revelite_Batt_PSoC4.a(ADC.o)
                                0x41c (size before relaxing)
 .debug_str     0x00001b97       0x35 .\CortexM0\ARM_GCC_541\Debug\Revelite_Batt_PSoC4.a(ADC_INT.o)
                                0x201 (size before relaxing)
 .debug_str     0x00001bcc      0x113 .\CortexM0\ARM_GCC_541\Debug\Revelite_Batt_PSoC4.a(UART.o)
                                0x2f7 (size before relaxing)
 .debug_str     0x00001cdf       0xd1 .\CortexM0\ARM_GCC_541\Debug\Revelite_Batt_PSoC4.a(UART_SPI_UART.o)
                                0x312 (size before relaxing)
 .debug_str     0x00001db0      0x113 .\CortexM0\ARM_GCC_541\Debug\Revelite_Batt_PSoC4.a(UART_UART.o)
                                0x380 (size before relaxing)
 .debug_str     0x00001ec3       0x99 .\CortexM0\ARM_GCC_541\Debug\Revelite_Batt_PSoC4.a(ACTLED.o)
                                0x281 (size before relaxing)
 .debug_str     0x00001f5c       0x81 .\CortexM0\ARM_GCC_541\Debug\Revelite_Batt_PSoC4.a(ERRLED.o)
                                0x281 (size before relaxing)
 .debug_str     0x00001fdd      0x127 .\CortexM0\ARM_GCC_541\Debug\Revelite_Batt_PSoC4.a(I2CM.o)
                                0x32c (size before relaxing)
 .debug_str     0x00002104       0x7a .\CortexM0\ARM_GCC_541\Debug\Revelite_Batt_PSoC4.a(I2CM_I2C.o)
                                0x29a (size before relaxing)
 .debug_str     0x0000217e      0x229 .\CortexM0\ARM_GCC_541\Debug\Revelite_Batt_PSoC4.a(I2CM_I2C_MASTER.o)
                                0x54f (size before relaxing)
 .debug_str     0x000023a7       0xf2 .\CortexM0\ARM_GCC_541\Debug\Revelite_Batt_PSoC4.a(ADC_IRQ.o)
                                0x34a (size before relaxing)
 .debug_str     0x00002499       0x8e .\CortexM0\ARM_GCC_541\Debug\Revelite_Batt_PSoC4.a(I2CM_sda.o)
                                0x28f (size before relaxing)
 .debug_str     0x00002527       0x7f .\CortexM0\ARM_GCC_541\Debug\Revelite_Batt_PSoC4.a(I2CM_scl.o)
                                0x28f (size before relaxing)
 .debug_str     0x000025a6      0x13c .\CortexM0\ARM_GCC_541\Debug\Revelite_Batt_PSoC4.a(CyFlash.o)
                                0x372 (size before relaxing)
 .debug_str     0x000026e2      0x420 .\CortexM0\ARM_GCC_541\Debug\Revelite_Batt_PSoC4.a(CyLib.o)
                                0x6fa (size before relaxing)
 .debug_str     0x00002b02      0x514 .\CortexM0\ARM_GCC_541\Debug\Revelite_Batt_PSoC4.a(CyLFClk.o)
                                0x781 (size before relaxing)
 .debug_str     0x00003016       0x49 .\CortexM0\ARM_GCC_541\Debug\Revelite_Batt_PSoC4.a(I2CM_I2C_INT.o)
                                0x310 (size before relaxing)

.debug_loc      0x00000000     0x41f0
 *(.debug_loc)
 .debug_loc     0x00000000       0x52 .\CortexM0\ARM_GCC_541\Debug\main.o
 .debug_loc     0x00000052      0x2ef .\CortexM0\ARM_GCC_541\Debug\subs.o
 .debug_loc     0x00000341       0x31 .\CortexM0\ARM_GCC_541\Debug\isr.o
 .debug_loc     0x00000372      0x212 .\CortexM0\ARM_GCC_541\Debug\battery.o
 .debug_loc     0x00000584      0x299 .\CortexM0\ARM_GCC_541\Debug\LTC2944.o
 .debug_loc     0x0000081d      0x231 .\CortexM0\ARM_GCC_541\Debug\CLI.o
 .debug_loc     0x00000a4e      0x1e6 .\CortexM0\ARM_GCC_541\Debug\buttons.o
 .debug_loc     0x00000c34      0x136 .\CortexM0\ARM_GCC_541\Debug\cyfitter_cfg.o
 .debug_loc     0x00000d6a      0x14f .\CortexM0\ARM_GCC_541\Debug\Cm0Start.o
 .debug_loc     0x00000eb9      0x547 .\CortexM0\ARM_GCC_541\Debug\Revelite_Batt_PSoC4.a(PWM_1.o)
 .debug_loc     0x00001400      0x547 .\CortexM0\ARM_GCC_541\Debug\Revelite_Batt_PSoC4.a(PWM_2.o)
 .debug_loc     0x00001947       0x82 .\CortexM0\ARM_GCC_541\Debug\Revelite_Batt_PSoC4.a(DIM_isr.o)
 .debug_loc     0x000019c9      0x4bf .\CortexM0\ARM_GCC_541\Debug\Revelite_Batt_PSoC4.a(ADC.o)
 .debug_loc     0x00001e88       0x7e .\CortexM0\ARM_GCC_541\Debug\Revelite_Batt_PSoC4.a(UART.o)
 .debug_loc     0x00001f06       0x96 .\CortexM0\ARM_GCC_541\Debug\Revelite_Batt_PSoC4.a(UART_SPI_UART.o)
 .debug_loc     0x00001f9c      0x1e4 .\CortexM0\ARM_GCC_541\Debug\Revelite_Batt_PSoC4.a(UART_UART.o)
 .debug_loc     0x00002180       0xa2 .\CortexM0\ARM_GCC_541\Debug\Revelite_Batt_PSoC4.a(ACTLED.o)
 .debug_loc     0x00002222       0xa2 .\CortexM0\ARM_GCC_541\Debug\Revelite_Batt_PSoC4.a(ERRLED.o)
 .debug_loc     0x000022c4       0x7e .\CortexM0\ARM_GCC_541\Debug\Revelite_Batt_PSoC4.a(I2CM.o)
 .debug_loc     0x00002342      0xa90 .\CortexM0\ARM_GCC_541\Debug\Revelite_Batt_PSoC4.a(I2CM_I2C_MASTER.o)
 .debug_loc     0x00002dd2       0x82 .\CortexM0\ARM_GCC_541\Debug\Revelite_Batt_PSoC4.a(ADC_IRQ.o)
 .debug_loc     0x00002e54       0xa2 .\CortexM0\ARM_GCC_541\Debug\Revelite_Batt_PSoC4.a(I2CM_sda.o)
 .debug_loc     0x00002ef6       0x81 .\CortexM0\ARM_GCC_541\Debug\Revelite_Batt_PSoC4.a(I2CM_scl.o)
 .debug_loc     0x00002f77      0x21f .\CortexM0\ARM_GCC_541\Debug\Revelite_Batt_PSoC4.a(CyFlash.o)
 .debug_loc     0x00003196      0x599 .\CortexM0\ARM_GCC_541\Debug\Revelite_Batt_PSoC4.a(CyLib.o)
 .debug_loc     0x0000372f      0x9b5 .\CortexM0\ARM_GCC_541\Debug\Revelite_Batt_PSoC4.a(CyLFClk.o)
 .debug_loc     0x000040e4      0x10c .\CortexM0\ARM_GCC_541\Debug\Revelite_Batt_PSoC4.a(I2CM_I2C_INT.o)

.debug_macinfo
 *(.debug_macinfo)

.debug_ranges   0x00000000      0xc38
 *(.debug_ranges)
 .debug_ranges  0x00000000       0x10 .\CortexM0\ARM_GCC_541\Debug\main.o
 .debug_ranges  0x00000010       0x80 .\CortexM0\ARM_GCC_541\Debug\subs.o
 .debug_ranges  0x00000090       0x20 .\CortexM0\ARM_GCC_541\Debug\isr.o
 .debug_ranges  0x000000b0       0x68 .\CortexM0\ARM_GCC_541\Debug\battery.o
 .debug_ranges  0x00000118       0x80 .\CortexM0\ARM_GCC_541\Debug\LTC2944.o
 .debug_ranges  0x00000198       0x60 .\CortexM0\ARM_GCC_541\Debug\CLI.o
 .debug_ranges  0x000001f8       0x10 .\CortexM0\ARM_GCC_541\Debug\buttons.o
 .debug_ranges  0x00000208       0x38 .\CortexM0\ARM_GCC_541\Debug\cyfitter_cfg.o
 .debug_ranges  0x00000240       0x38 .\CortexM0\ARM_GCC_541\Debug\Cm0Start.o
 .debug_ranges  0x00000278      0x148 .\CortexM0\ARM_GCC_541\Debug\Revelite_Batt_PSoC4.a(PWM_1.o)
 .debug_ranges  0x000003c0      0x148 .\CortexM0\ARM_GCC_541\Debug\Revelite_Batt_PSoC4.a(PWM_2.o)
 .debug_ranges  0x00000508       0x70 .\CortexM0\ARM_GCC_541\Debug\Revelite_Batt_PSoC4.a(DIM_isr.o)
 .debug_ranges  0x00000578       0x98 .\CortexM0\ARM_GCC_541\Debug\Revelite_Batt_PSoC4.a(ADC.o)
 .debug_ranges  0x00000610       0x10 .\CortexM0\ARM_GCC_541\Debug\Revelite_Batt_PSoC4.a(ADC_INT.o)
 .debug_ranges  0x00000620       0x50 .\CortexM0\ARM_GCC_541\Debug\Revelite_Batt_PSoC4.a(UART.o)
 .debug_ranges  0x00000670       0x50 .\CortexM0\ARM_GCC_541\Debug\Revelite_Batt_PSoC4.a(UART_SPI_UART.o)
 .debug_ranges  0x000006c0       0x58 .\CortexM0\ARM_GCC_541\Debug\Revelite_Batt_PSoC4.a(UART_UART.o)
 .debug_ranges  0x00000718       0x38 .\CortexM0\ARM_GCC_541\Debug\Revelite_Batt_PSoC4.a(ACTLED.o)
 .debug_ranges  0x00000750       0x38 .\CortexM0\ARM_GCC_541\Debug\Revelite_Batt_PSoC4.a(ERRLED.o)
 .debug_ranges  0x00000788       0x58 .\CortexM0\ARM_GCC_541\Debug\Revelite_Batt_PSoC4.a(I2CM.o)
 .debug_ranges  0x000007e0       0x20 .\CortexM0\ARM_GCC_541\Debug\Revelite_Batt_PSoC4.a(I2CM_I2C.o)
 .debug_ranges  0x00000800       0x88 .\CortexM0\ARM_GCC_541\Debug\Revelite_Batt_PSoC4.a(I2CM_I2C_MASTER.o)
 .debug_ranges  0x00000888       0x70 .\CortexM0\ARM_GCC_541\Debug\Revelite_Batt_PSoC4.a(ADC_IRQ.o)
 .debug_ranges  0x000008f8       0x38 .\CortexM0\ARM_GCC_541\Debug\Revelite_Batt_PSoC4.a(I2CM_sda.o)
 .debug_ranges  0x00000930       0x38 .\CortexM0\ARM_GCC_541\Debug\Revelite_Batt_PSoC4.a(I2CM_scl.o)
 .debug_ranges  0x00000968       0x28 .\CortexM0\ARM_GCC_541\Debug\Revelite_Batt_PSoC4.a(CyFlash.o)
 .debug_ranges  0x00000990      0x170 .\CortexM0\ARM_GCC_541\Debug\Revelite_Batt_PSoC4.a(CyLib.o)
 .debug_ranges  0x00000b00      0x128 .\CortexM0\ARM_GCC_541\Debug\Revelite_Batt_PSoC4.a(CyLFClk.o)
 .debug_ranges  0x00000c28       0x10 .\CortexM0\ARM_GCC_541\Debug\Revelite_Batt_PSoC4.a(I2CM_I2C_INT.o)

.comment        0x00000000       0x6e
 .comment       0x00000000       0x6e .\CortexM0\ARM_GCC_541\Debug\main.o
                                 0x6f (size before relaxing)
 .comment       0x0000006e       0x6f .\CortexM0\ARM_GCC_541\Debug\subs.o
 .comment       0x0000006e       0x6f .\CortexM0\ARM_GCC_541\Debug\isr.o
 .comment       0x0000006e       0x6f .\CortexM0\ARM_GCC_541\Debug\battery.o
 .comment       0x0000006e       0x6f .\CortexM0\ARM_GCC_541\Debug\LTC2944.o
 .comment       0x0000006e       0x6f .\CortexM0\ARM_GCC_541\Debug\CLI.o
 .comment       0x0000006e       0x6f .\CortexM0\ARM_GCC_541\Debug\buttons.o
 .comment       0x0000006e       0x6f .\CortexM0\ARM_GCC_541\Debug\cyfitter_cfg.o
 .comment       0x0000006e       0x6f .\CortexM0\ARM_GCC_541\Debug\cymetadata.o
 .comment       0x0000006e       0x6f .\CortexM0\ARM_GCC_541\Debug\Cm0Start.o
 .comment       0x0000006e       0x6f .\CortexM0\ARM_GCC_541\Debug\Revelite_Batt_PSoC4.a(PWM_1.o)
 .comment       0x0000006e       0x6f .\CortexM0\ARM_GCC_541\Debug\Revelite_Batt_PSoC4.a(PWM_2.o)
 .comment       0x0000006e       0x6f .\CortexM0\ARM_GCC_541\Debug\Revelite_Batt_PSoC4.a(DIM_isr.o)
 .comment       0x0000006e       0x6f .\CortexM0\ARM_GCC_541\Debug\Revelite_Batt_PSoC4.a(ADC.o)
 .comment       0x0000006e       0x6f .\CortexM0\ARM_GCC_541\Debug\Revelite_Batt_PSoC4.a(ADC_INT.o)
 .comment       0x0000006e       0x6f .\CortexM0\ARM_GCC_541\Debug\Revelite_Batt_PSoC4.a(UART.o)
 .comment       0x0000006e       0x6f .\CortexM0\ARM_GCC_541\Debug\Revelite_Batt_PSoC4.a(UART_SPI_UART.o)
 .comment       0x0000006e       0x6f .\CortexM0\ARM_GCC_541\Debug\Revelite_Batt_PSoC4.a(UART_UART.o)
 .comment       0x0000006e       0x6f .\CortexM0\ARM_GCC_541\Debug\Revelite_Batt_PSoC4.a(ACTLED.o)